Component: ARM Compiler 5.05 update 1 (build 106) Tool: armlink [4d0efa]

==============================================================================

Section Cross References

    main.o(i.HAL_UART_MspInit) refers to memseta.o(.text) for __aeabi_memclr4
    main.o(i.HAL_UART_MspInit) refers to cs32l010_hal_gpio.o(i.HAL_GPIO_Init) for HAL_GPIO_Init
    main.o(i.HAL_UART_RxCpltCallback) refers to cs32l010_hal_uart.o(i.HAL_UART_Receive_IT) for HAL_UART_Receive_IT
    main.o(i.HAL_UART_RxCpltCallback) refers to main.o(.data) for receData
    main.o(i.HAL_UART_RxCpltCallback) refers to main.o(.bss) for sUartxHandle
    main.o(i.HAL_WWDG_INT_Callback) refers to main.o(.data) for wwdg_int
    main.o(i.SystemClock_Config) refers to memseta.o(.text) for __aeabi_memclr4
    main.o(i.SystemClock_Config) refers to cs32l010_hal_rcc.o(i.HAL_RCC_OscConfig) for HAL_RCC_OscConfig
    main.o(i.SystemClock_Config) refers to main.o(i.Error_Handler) for Error_Handler
    main.o(i.SystemClock_Config) refers to cs32l010_hal_rcc.o(i.HAL_RCC_ClockConfig) for HAL_RCC_ClockConfig
    main.o(i.WWdg_Init) refers to printf2.o(i.__0printf$2) for __2printf
    main.o(i.WWdg_Init) refers to cs32l010_hal_cortex.o(i.HAL_NVIC_SetPriority) for HAL_NVIC_SetPriority
    main.o(i.WWdg_Init) refers to cs32l010_hal_cortex.o(i.HAL_NVIC_EnableIRQ) for HAL_NVIC_EnableIRQ
    main.o(i.WWdg_Init) refers to cs32l010_hal_wwdg.o(i.HAL_WWDG_Init) for HAL_WWDG_Init
    main.o(i.WWdg_Init) refers to main.o(.bss) for wwdg_test
    main.o(i.copyData) refers to memcpya.o(.text) for __aeabi_memcpy
    main.o(i.copyData) refers to main.o(.bss) for DMXData
    main.o(i.gpio_init) refers to cs32l010_hal_gpio.o(i.HAL_GPIO_Init) for HAL_GPIO_Init
    main.o(i.gpio_init) refers to main.o(.bss) for GPIO_InitStruct1
    main.o(i.main) refers to cs32l010_hal.o(i.HAL_Init) for HAL_Init
    main.o(i.main) refers to main.o(i.SystemClock_Config) for SystemClock_Config
    main.o(i.main) refers to log.o(i.UartInit) for UartInit
    main.o(i.main) refers to cs32l010_hal_gpio.o(i.HAL_GPIO_Init) for HAL_GPIO_Init
    main.o(i.main) refers to cs32l010_hal_gpio.o(i.HAL_GPIO_WritePin) for HAL_GPIO_WritePin
    main.o(i.main) refers to cs32l010_hal_uart.o(i.HAL_UART_Init) for HAL_UART_Init
    main.o(i.main) refers to cs32l010_hal_uart.o(i.HAL_UART_Receive_IT) for HAL_UART_Receive_IT
    main.o(i.main) refers to cs32l010_hal_cortex.o(i.HAL_NVIC_EnableIRQ) for HAL_NVIC_EnableIRQ
    main.o(i.main) refers to dfrobot_i2c_slave.o(i.i2cInitSlave) for i2cInitSlave
    main.o(i.main) refers to dfrobot_i2c_slave.o(i.i2cIRQConfig) for i2cIRQConfig
    main.o(i.main) refers to memseta.o(.text) for __aeabi_memclr4
    main.o(i.main) refers to main.o(i.WWdg_Init) for WWdg_Init
    main.o(i.main) refers to cs32l010_hal_wwdg.o(i.HAL_WWDG_Refresh) for HAL_WWDG_Refresh
    main.o(i.main) refers to cs32l010_hal_uart.o(i.HAL_UART_DeInit) for HAL_UART_DeInit
    main.o(i.main) refers to main.o(i.gpio_init) for gpio_init
    main.o(i.main) refers to main.o(i.RCC_DelayF) for RCC_DelayF
    main.o(i.main) refers to cs32l010_hal_gpio.o(i.HAL_GPIO_DeInit) for HAL_GPIO_DeInit
    main.o(i.main) refers to cs32l010_hal_uart.o(i.HAL_UART_Transmit_IT) for HAL_UART_Transmit_IT
    main.o(i.main) refers to cs32l010_hal.o(i.HAL_Delay) for HAL_Delay
    main.o(i.main) refers to main.o(.bss) for GPIO_InitStruct1
    main.o(i.main) refers to main.o(.data) for receData
    cs32l010_it.o(i.I2C_IRQHandler) refers to cs32l010_hal_i2c.o(i.HAL_I2C_IRQHandler) for HAL_I2C_IRQHandler
    cs32l010_it.o(i.I2C_IRQHandler) refers to dfrobot_i2c_slave.o(.bss) for i2cSlave
    cs32l010_it.o(i.SysTick_Handler) refers to cs32l010_hal.o(i.HAL_IncTick) for HAL_IncTick
    cs32l010_it.o(i.UART0_IRQHandler) refers to cs32l010_hal_uart.o(i.HAL_UART_IRQHandler) for HAL_UART_IRQHandler
    cs32l010_it.o(i.UART0_IRQHandler) refers to main.o(.bss) for sUartxHandle
    cs32l010_it.o(i.WWDG_IRQHandler) refers to cs32l010_hal_wwdg.o(i.HAL_WWDG_INT_Handler) for HAL_WWDG_INT_Handler
    log.o(i.Log_UART_SetConfig) refers to cs32l010_hal_rcc.o(i.HAL_RCC_GetPCLKFreq) for HAL_RCC_GetPCLKFreq
    log.o(i.Log_UART_SetConfig) refers to uidiv.o(.text) for __aeabi_uidivmod
    log.o(i.SerialInit) refers to memseta.o(.text) for __aeabi_memclr4
    log.o(i.SerialInit) refers to cs32l010_hal_gpio.o(i.HAL_GPIO_Init) for HAL_GPIO_Init
    log.o(i.SerialInit) refers to log.o(i.Log_UART_SetConfig) for Log_UART_SetConfig
    log.o(i.SerialInit) refers to log.o(.bss) for huart1
    log.o(i.SerialSend) refers to cs32l010_hal_uart.o(i.HAL_UART_Transmit) for HAL_UART_Transmit
    log.o(i.SerialSend) refers to log.o(.bss) for huart1
    log.o(i.UartInit) refers to log.o(i.SerialInit) for SerialInit
    log.o(i.fputc) refers to log.o(i.SerialSend) for SerialSend
    log.o(i.logout) refers to printf2.o(i.__0printf$2) for __2printf
    log.o(i.panic) refers to printf2.o(i.__0printf$2) for __2printf
[...]
    Removing cs32l010_hal.o(i.HAL_DBGMCU_DisableDBGSleepMode), (52 bytes).
    Removing cs32l010_hal.o(i.HAL_DBGMCU_EnableDBGSleepMode), (48 bytes).
    Removing cs32l010_hal.o(i.HAL_DeInit), (616 bytes).
    Removing cs32l010_hal.o(i.HAL_GetDEVID), (4 bytes).
    Removing cs32l010_hal.o(i.HAL_GetHalVersion), (6 bytes).
    Removing cs32l010_hal.o(i.HAL_GetREVID), (4 bytes).
    Removing cs32l010_hal.o(i.HAL_GetTickFreq), (12 bytes).
    Removing cs32l010_hal.o(i.HAL_GetTickPrio), (12 bytes).
    Removing cs32l010_hal.o(i.HAL_GetUID), (32 bytes).
    Removing cs32l010_hal.o(i.HAL_MspDeInit), (2 bytes).
    Removing cs32l010_hal.o(i.HAL_MspInit), (2 bytes).
    Removing cs32l010_hal.o(i.HAL_ResumeTick), (20 bytes).
    Removing cs32l010_hal.o(i.HAL_SetTickFreq), (40 bytes).
    Removing cs32l010_hal.o(i.HAL_SuspendTick), (20 bytes).
    Removing cs32l010_hal_adc.o(.rev16_text), (4 bytes).
    Removing cs32l010_hal_adc.o(.revsh_text), (4 bytes).
    Removing cs32l010_hal_adc.o(i.ADC_ConversionStatus_Reset), (86 bytes).
    Removing cs32l010_hal_adc.o(i.ADC_Enable), (136 bytes).
    Removing cs32l010_hal_adc.o(i.HAL_ADC_ConfigChannel), (98 bytes).
    Removing cs32l010_hal_adc.o(i.HAL_ADC_ConvCpltCallback), (2 bytes).
    Removing cs32l010_hal_adc.o(i.HAL_ADC_DeInit), (92 bytes).
    Removing cs32l010_hal_adc.o(i.HAL_ADC_ErrorCallback), (2 bytes).
    Removing cs32l010_hal_adc.o(i.HAL_ADC_GetAccValue), (22 bytes).
    Removing cs32l010_hal_adc.o(i.HAL_ADC_GetDiv), (68 bytes).
    Removing cs32l010_hal_adc.o(i.HAL_ADC_GetError), (6 bytes).
    Removing cs32l010_hal_adc.o(i.HAL_ADC_GetState), (6 bytes).
    Removing cs32l010_hal_adc.o(i.HAL_ADC_GetValue), (108 bytes).
    Removing cs32l010_hal_adc.o(i.HAL_ADC_IRQHandler), (802 bytes).
    Removing cs32l010_hal_adc.o(i.HAL_ADC_Init), (276 bytes).
    Removing cs32l010_hal_adc.o(i.HAL_ADC_LevelOutOfRangeCallback), (2 bytes).
    Removing cs32l010_hal_adc.o(i.HAL_ADC_MspDeInit), (2 bytes).
    Removing cs32l010_hal_adc.o(i.HAL_ADC_MspInit), (2 bytes).
    Removing cs32l010_hal_adc.o(i.HAL_ADC_MultiChannel0_ConvCpltCallback), (2 bytes).
    Removing cs32l010_hal_adc.o(i.HAL_ADC_MultiChannel1_ConvCpltCallback), (2 bytes).
    Removing cs32l010_hal_adc.o(i.HAL_ADC_MultiChannel2_ConvCpltCallback), (2 bytes).
    Removing cs32l010_hal_adc.o(i.HAL_ADC_MultiChannel3_ConvCpltCallback), (2 bytes).
    Removing cs32l010_hal_adc.o(i.HAL_ADC_MultiChannel4_ConvCpltCallback), (2 bytes).
    Removing cs32l010_hal_adc.o(i.HAL_ADC_MultiChannel5_ConvCpltCallback), (2 bytes).
    Removing cs32l010_hal_adc.o(i.HAL_ADC_MultiChannel6_ConvCpltCallback), (2 bytes).
    Removing cs32l010_hal_adc.o(i.HAL_ADC_MultiChannel7_ConvCpltCallback), (2 bytes).
    Removing cs32l010_hal_adc.o(i.HAL_ADC_PollForConversion), (186 bytes).
    Removing cs32l010_hal_adc.o(i.HAL_ADC_PollForEvent), (104 bytes).
    Removing cs32l010_hal_adc.o(i.HAL_ADC_SingleChannel_ConvCpltCallback), (2 bytes).
    Removing cs32l010_hal_adc.o(i.HAL_ADC_Start), (140 bytes).
    Removing cs32l010_hal_adc.o(i.HAL_ADC_Start_IT), (420 bytes).
    Removing cs32l010_hal_adc.o(i.HAL_ADC_Stop), (80 bytes).
    Removing cs32l010_hal_adc.o(i.HAL_ADC_Stop_IT), (92 bytes).
    Removing cs32l010_hal_adc.o(i.HAL_ADC_ThresholdConfig), (206 bytes).
    Removing cs32l010_hal_awk.o(.rev16_text), (4 bytes).
    Removing cs32l010_hal_awk.o(.revsh_text), (4 bytes).
    Removing cs32l010_hal_awk.o(i.AWK_SetConfig), (44 bytes).
    Removing cs32l010_hal_awk.o(i.HAL_AWK_DeInit), (38 bytes).
    Removing cs32l010_hal_awk.o(i.HAL_AWK_IRQHandler), (40 bytes).
    Removing cs32l010_hal_awk.o(i.HAL_AWK_Init), (44 bytes).
    Removing cs32l010_hal_awk.o(i.HAL_AWK_MspDeInit), (2 bytes).
    Removing cs32l010_hal_awk.o(i.HAL_AWK_MspInit), (2 bytes).
    Removing cs32l010_hal_awk.o(i.HAL_AWK_Start), (26 bytes).
    Removing cs32l010_hal_awk.o(i.HAL_AWK_Stop), (26 bytes).
    Removing cs32l010_hal_awk.o(i.HAL_AWK_WakeUpCallback), (2 bytes).
    Removing cs32l010_hal_basetim.o(.rev16_text), (4 bytes).
    Removing cs32l010_hal_basetim.o(.revsh_text), (4 bytes).
    Removing cs32l010_hal_basetim.o(i.BASETIM_Base_SetConfig), (62 bytes).
    Removing cs32l010_hal_basetim.o(i.HAL_BASETIM_Base_DeInit), (46 bytes).
    Removing cs32l010_hal_basetim.o(i.HAL_BASETIM_Base_Init), (56 bytes).
    Removing cs32l010_hal_basetim.o(i.HAL_BASETIM_Base_MspDeInit), (2 bytes).
    Removing cs32l010_hal_basetim.o(i.HAL_BASETIM_Base_MspInit), (2 bytes).
    Removing cs32l010_hal_basetim.o(i.HAL_BASETIM_Base_Start), (30 bytes).
    Removing cs32l010_hal_basetim.o(i.HAL_BASETIM_Base_Start_IT), (30 bytes).
    Removing cs32l010_hal_basetim.o(i.HAL_BASETIM_Base_Stop), (30 bytes).
    Removing cs32l010_hal_basetim.o(i.HAL_BASETIM_Base_Stop_IT), (30 bytes).
    Removing cs32l010_hal_basetim.o(i.HAL_BASETIM_IRQHandler), (56 bytes).
    Removing cs32l010_hal_basetim.o(i.HAL_BASETIM_PeriodElapsedCallback), (2 bytes).
    Removing cs32l010_hal_beep.o(.rev16_text), (4 bytes).
    Removing cs32l010_hal_beep.o(.revsh_text), (4 bytes).
    Removing cs32l010_hal_beep.o(i.BEEP_SetConfig), (40 bytes).
    Removing cs32l010_hal_beep.o(i.HAL_BEEP_DeInit), (88 bytes).
    Removing cs32l010_hal_beep.o(i.HAL_BEEP_Init), (44 bytes).
    Removing cs32l010_hal_beep.o(i.HAL_BEEP_MspDeInit), (2 bytes).
    Removing cs32l010_hal_beep.o(i.HAL_BEEP_MspInit), (2 bytes).
    Removing cs32l010_hal_beep.o(i.HAL_BEEP_Start), (28 bytes).
    Removing cs32l010_hal_beep.o(i.HAL_BEEP_Stop), (28 bytes).
    Removing cs32l010_hal_clktrim.o(.rev16_text), (4 bytes).
    Removing cs32l010_hal_clktrim.o(.revsh_text), (4 bytes).
    Removing cs32l010_hal_clktrim.o(i.CLKTRIM_SetConfig), (68 bytes).
    Removing cs32l010_hal_clktrim.o(i.HAL_CLKTRIM_DeInit), (52 bytes).
    Removing cs32l010_hal_clktrim.o(i.HAL_CLKTRIM_Disable), (38 bytes).
    Removing cs32l010_hal_clktrim.o(i.HAL_CLKTRIM_Enable), (26 bytes).
    Removing cs32l010_hal_clktrim.o(i.HAL_CLKTRIM_Enable_IT), (38 bytes).
    Removing cs32l010_hal_clktrim.o(i.HAL_CLKTRIM_Init), (44 bytes).
    Removing cs32l010_hal_clktrim.o(i.HAL_CLKTRIM_MspDeInit), (2 bytes).
    Removing cs32l010_hal_clktrim.o(i.HAL_CLKTRIM_MspInit), (2 bytes).
    Removing cs32l010_hal_cortex.o(.rev16_text), (4 bytes).
    Removing cs32l010_hal_cortex.o(.revsh_text), (4 bytes).
    Removing cs32l010_hal_cortex.o(i.HAL_NVIC_ClearPendingIRQ), (24 bytes).
    Removing cs32l010_hal_cortex.o(i.HAL_NVIC_GetPendingIRQ), (40 bytes).
    Removing cs32l010_hal_cortex.o(i.HAL_NVIC_GetPriority), (48 bytes).
    Removing cs32l010_hal_cortex.o(i.HAL_NVIC_SetPendingIRQ), (24 bytes).
    Removing cs32l010_hal_cortex.o(i.HAL_NVIC_SystemReset), (32 bytes).
    Removing cs32l010_hal_cortex.o(i.HAL_SYSTICK_CLKSourceConfig), (36 bytes).
    Removing cs32l010_hal_cortex.o(i.HAL_SYSTICK_Callback), (2 bytes).
    Removing cs32l010_hal_cortex.o(i.HAL_SYSTICK_IRQHandler), (8 bytes).
    Removing cs32l010_hal_crc.o(.rev16_text), (4 bytes).
    Removing cs32l010_hal_crc.o(.revsh_text), (4 bytes).
    Removing cs32l010_hal_crc.o(i.HAL_CRC_Accumulate), (66 bytes).
    Removing cs32l010_hal_crc.o(i.HAL_CRC_Calculate), (108 bytes).
    Removing cs32l010_hal_crc.o(i.HAL_CRC_DeInit), (68 bytes).
    Removing cs32l010_hal_crc.o(i.HAL_CRC_GetState), (6 bytes).
    Removing cs32l010_hal_crc.o(i.HAL_CRC_Init), (44 bytes).
    Removing cs32l010_hal_crc.o(i.HAL_CRC_MspDeInit), (2 bytes).
    Removing cs32l010_hal_crc.o(i.HAL_CRC_MspInit), (2 bytes).
    Removing cs32l010_hal_crc.o(i.HAL_Get_CRC_RESULT_FLAG), (24 bytes).
    Removing cs32l010_hal_flash.o(.rev16_text), (4 bytes).
    Removing cs32l010_hal_flash.o(.revsh_text), (4 bytes).
    Removing cs32l010_hal_flash.o(i.FLASH_MassErase), (80 bytes).
    Removing cs32l010_hal_flash.o(i.FLASH_PageErase), (76 bytes).
    Removing cs32l010_hal_flash.o(i.FLASH_Program_Byte), (68 bytes).
    Removing cs32l010_hal_flash.o(i.FLASH_SetErrorCode), (76 bytes).
    Removing cs32l010_hal_flash.o(i.FLASH_WaitForLastOperation), (56 bytes).
    Removing cs32l010_hal_flash.o(i.HAL_FLASH_Erase), (264 bytes).
    Removing cs32l010_hal_flash.o(i.HAL_FLASH_GetError), (12 bytes).
    Removing cs32l010_hal_flash.o(i.HAL_FLASH_IRQHandler), (60 bytes).
    Removing cs32l010_hal_flash.o(i.HAL_FLASH_OPERATION_Lock), (208 bytes).
    Removing cs32l010_hal_flash.o(i.HAL_FLASH_OPERATION_Unlock), (208 bytes).
    Removing cs32l010_hal_flash.o(i.HAL_FLASH_OperationErrorCallback), (2 bytes).
    Removing cs32l010_hal_flash.o(i.HAL_FLASH_Program), (244 bytes).
    Removing cs32l010_hal_flash.o(.bss), (32 bytes).
    Removing cs32l010_hal_gpio.o(.rev16_text), (4 bytes).
    Removing cs32l010_hal_gpio.o(.revsh_text), (4 bytes).
    Removing cs32l010_hal_gpio.o(i.HAL_GPIO_EXTI_Callback), (2 bytes).
    Removing cs32l010_hal_gpio.o(i.HAL_GPIO_EXTI_IRQHandler), (26 bytes).
    Removing cs32l010_hal_gpio.o(i.HAL_GPIO_ReadPin), (18 bytes).
    Removing cs32l010_hal_gpio.o(i.HAL_GPIO_TogglePin), (8 bytes).
    Removing cs32l010_hal_i2c.o(.rev16_text), (4 bytes).
    Removing cs32l010_hal_i2c.o(.revsh_text), (4 bytes).
    Removing cs32l010_hal_i2c.o(i.HAL_I2C_DeInit), (58 bytes).
    Removing cs32l010_hal_i2c.o(i.HAL_I2C_Master_Receive), (274 bytes).
    Removing cs32l010_hal_i2c.o(i.HAL_I2C_Master_Transmit), (178 bytes).
    Removing cs32l010_hal_i2c.o(i.HAL_I2C_Master_Transmit_NOStop), (176 bytes).
    Removing cs32l010_hal_i2c.o(i.HAL_I2C_MspDeInit), (2 bytes).
    Removing cs32l010_hal_i2c.o(i.HAL_I2C_Receive_Byte), (8 bytes).
    Removing cs32l010_hal_i2c.o(i.HAL_I2C_Send_Address), (42 bytes).
    Removing cs32l010_hal_i2c.o(i.HAL_I2C_Send_Byte), (18 bytes).
    Removing cs32l010_hal_i2c.o(i.HAL_I2C_SlaveCallback), (2 bytes).
    Removing cs32l010_hal_i2c.o(i.HAL_I2C_Slave_Receive), (158 bytes).
    Removing cs32l010_hal_i2c.o(i.HAL_I2C_Slave_Transmit), (144 bytes).
    Removing cs32l010_hal_i2c.o(i.HAL_I2C_Start_Config), (32 bytes).
    Removing cs32l010_hal_i2c.o(i.HAL_I2C_Stop_Config), (44 bytes).
    Removing cs32l010_hal_iwdg.o(.rev16_text), (4 bytes).
    Removing cs32l010_hal_iwdg.o(.revsh_text), (4 bytes).
    Removing cs32l010_hal_iwdg.o(i.HAL_IWDG_Clear_INT_Flag), (28 bytes).
    Removing cs32l010_hal_iwdg.o(i.HAL_IWDG_Get_Counter), (16 bytes).
    Removing cs32l010_hal_iwdg.o(i.HAL_IWDG_Get_INT_Flag), (28 bytes).
    Removing cs32l010_hal_iwdg.o(i.HAL_IWDG_Init), (136 bytes).
    Removing cs32l010_hal_iwdg.o(i.HAL_IWDG_RUN), (48 bytes).
    Removing cs32l010_hal_iwdg.o(i.HAL_IWDG_Refresh), (30 bytes).
    Removing cs32l010_hal_iwdg.o(i.HAL_IWDG_STOP), (48 bytes).
    Removing cs32l010_hal_lptim.o(.rev16_text), (4 bytes).
    Removing cs32l010_hal_lptim.o(.revsh_text), (4 bytes).
    Removing cs32l010_hal_lptim.o(i.HAL_LPTIM_Base_DeInit), (58 bytes).
    Removing cs32l010_hal_lptim.o(i.HAL_LPTIM_Base_Init), (70 bytes).
    Removing cs32l010_hal_lptim.o(i.HAL_LPTIM_Base_MspDeInit), (2 bytes).
    Removing cs32l010_hal_lptim.o(i.HAL_LPTIM_Base_MspInit), (2 bytes).
    Removing cs32l010_hal_lptim.o(i.HAL_LPTIM_Base_Start), (42 bytes).
    Removing cs32l010_hal_lptim.o(i.HAL_LPTIM_Base_Start_IT), (46 bytes).
    Removing cs32l010_hal_lptim.o(i.HAL_LPTIM_Base_Stop), (30 bytes).
    Removing cs32l010_hal_lptim.o(i.HAL_LPTIM_Base_Stop_IT), (32 bytes).
    Removing cs32l010_hal_lptim.o(i.HAL_LPTIM_IRQHandler), (56 bytes).
    Removing cs32l010_hal_lptim.o(i.HAL_LPTIM_PeriodElapsedCallback), (2 bytes).
    Removing cs32l010_hal_lptim.o(i.LPTIM_Base_SetConfig), (66 bytes).
    Removing cs32l010_hal_lpuart.o(.rev16_text), (4 bytes).
    Removing cs32l010_hal_lpuart.o(.revsh_text), (4 bytes).
    Removing cs32l010_hal_lpuart.o(i.HAL_LPUART_Abort), (46 bytes).
    Removing cs32l010_hal_lpuart.o(i.HAL_LPUART_AbortCpltCallback), (2 bytes).
    Removing cs32l010_hal_lpuart.o(i.HAL_LPUART_AbortReceive), (36 bytes).
    Removing cs32l010_hal_lpuart.o(i.HAL_LPUART_AbortReceiveCpltCallback), (2 bytes).
    Removing cs32l010_hal_lpuart.o(i.HAL_LPUART_AbortTransmit), (38 bytes).
    Removing cs32l010_hal_lpuart.o(i.HAL_LPUART_AbortTransmitCpltCallback), (2 bytes).
    Removing cs32l010_hal_lpuart.o(i.HAL_LPUART_DeInit), (64 bytes).
    Removing cs32l010_hal_lpuart.o(i.HAL_LPUART_ErrorCallback), (2 bytes).
    Removing cs32l010_hal_lpuart.o(i.HAL_LPUART_GetError), (6 bytes).
    Removing cs32l010_hal_lpuart.o(i.HAL_LPUART_GetState), (20 bytes).
    Removing cs32l010_hal_lpuart.o(i.HAL_LPUART_IRQHandler), (162 bytes).
    Removing cs32l010_hal_lpuart.o(i.HAL_LPUART_Init), (76 bytes).
    Removing cs32l010_hal_lpuart.o(i.HAL_LPUART_MspDeInit), (2 bytes).
    Removing cs32l010_hal_lpuart.o(i.HAL_LPUART_MspInit), (2 bytes).
    Removing cs32l010_hal_lpuart.o(i.HAL_LPUART_Receive), (384 bytes).
    Removing cs32l010_hal_lpuart.o(i.HAL_LPUART_Receive_IT), (92 bytes).
    Removing cs32l010_hal_lpuart.o(i.HAL_LPUART_RxCpltCallback), (2 bytes).
    Removing cs32l010_hal_lpuart.o(i.HAL_LPUART_Transmit), (276 bytes).
    Removing cs32l010_hal_lpuart.o(i.HAL_LPUART_Transmit_IT), (200 bytes).
    Removing cs32l010_hal_lpuart.o(i.HAL_LPUART_TxCpltCallback), (2 bytes).
    Removing cs32l010_hal_lpuart.o(i.LPUART_Receive_IT), (244 bytes).
    Removing cs32l010_hal_lpuart.o(i.LPUART_SetConfig), (232 bytes).
    Removing cs32l010_hal_lpuart.o(i.LPUART_Transmit_IT), (168 bytes).
    Removing cs32l010_hal_lpuart.o(i.LPUART_WaitOnFlagUntilTimeout), (98 bytes).
    Removing cs32l010_hal_lpuart.o(.constdata), (256 bytes).
    Removing cs32l010_hal_lvd.o(.rev16_text), (4 bytes).
    Removing cs32l010_hal_lvd.o(.revsh_text), (4 bytes).
    Removing cs32l010_hal_lvd.o(i.HAL_LVD_DeInit), (56 bytes).
    Removing cs32l010_hal_lvd.o(i.HAL_LVD_Disable), (40 bytes).
    Removing cs32l010_hal_lvd.o(i.HAL_LVD_Enable), (26 bytes).
    Removing cs32l010_hal_lvd.o(i.HAL_LVD_Enable_IT), (40 bytes).
    Removing cs32l010_hal_lvd.o(i.HAL_LVD_IRQHandler), (50 bytes).
    Removing cs32l010_hal_lvd.o(i.HAL_LVD_Init), (44 bytes).
    Removing cs32l010_hal_lvd.o(i.HAL_LVD_InterruptCallback), (2 bytes).
    Removing cs32l010_hal_lvd.o(i.HAL_LVD_MspDeInit), (2 bytes).
    Removing cs32l010_hal_lvd.o(i.HAL_LVD_MspInit), (2 bytes).
    Removing cs32l010_hal_lvd.o(i.LVD_SetConfig), (72 bytes).
    Removing cs32l010_hal_owire.o(.rev16_text), (4 bytes).
    Removing cs32l010_hal_owire.o(.revsh_text), (4 bytes).
    Removing cs32l010_hal_owire.o(i.HAL_OWIRE_Command_Init), (52 bytes).
    Removing cs32l010_hal_owire.o(i.HAL_OWIRE_Command_Init_IT_Start), (12 bytes).
    Removing cs32l010_hal_owire.o(i.HAL_OWIRE_Command_Rx), (78 bytes).
    Removing cs32l010_hal_owire.o(i.HAL_OWIRE_Command_Rx_IT_Start), (32 bytes).
    Removing cs32l010_hal_owire.o(i.HAL_OWIRE_Command_Tx), (78 bytes).
    Removing cs32l010_hal_owire.o(i.HAL_OWIRE_Command_Tx_IT_Start), (64 bytes).
    Removing cs32l010_hal_owire.o(i.HAL_OWIRE_DeInit), (46 bytes).
    Removing cs32l010_hal_owire.o(i.HAL_OWIRE_ErrorCallback), (2 bytes).
    Removing cs32l010_hal_owire.o(i.HAL_OWIRE_IRQHandler), (84 bytes).
    Removing cs32l010_hal_owire.o(i.HAL_OWIRE_Init), (164 bytes).
    Removing cs32l010_hal_owire.o(i.HAL_OWIRE_InitDoneCallback), (2 bytes).
    Removing cs32l010_hal_owire.o(i.HAL_OWIRE_MspDeInit), (2 bytes).
    Removing cs32l010_hal_owire.o(i.HAL_OWIRE_MspInit), (2 bytes).
    Removing cs32l010_hal_owire.o(i.HAL_OWIRE_Receive), (232 bytes).
    Removing cs32l010_hal_owire.o(i.HAL_OWIRE_Receive_IT), (96 bytes).
    Removing cs32l010_hal_owire.o(i.HAL_OWIRE_RxCpltCallback), (2 bytes).
    Removing cs32l010_hal_owire.o(i.HAL_OWIRE_Transmit), (216 bytes).
    Removing cs32l010_hal_owire.o(i.HAL_OWIRE_TransmitReceive), (314 bytes).
    Removing cs32l010_hal_owire.o(i.HAL_OWIRE_TransmitReceive_IT), (112 bytes).
    Removing cs32l010_hal_owire.o(i.HAL_OWIRE_Transmit_IT), (92 bytes).
    Removing cs32l010_hal_owire.o(i.HAL_OWIRE_TxCpltCallback), (2 bytes).
    Removing cs32l010_hal_owire.o(i.HAL_OWIRE_TxRxCpltCallback), (2 bytes).
    Removing cs32l010_hal_owire.o(i.OWIRE_InitDoneISR), (58 bytes).
    Removing cs32l010_hal_owire.o(i.OWIRE_RxDoneISR), (114 bytes).
    Removing cs32l010_hal_owire.o(i.OWIRE_TxDoneISR), (100 bytes).
    Removing cs32l010_hal_owire.o(i.OWIRE_WaitOnFlagUntilTimeout), (82 bytes).
    Removing cs32l010_hal_pca.o(.rev16_text), (4 bytes).
    Removing cs32l010_hal_pca.o(.revsh_text), (4 bytes).
    Removing cs32l010_hal_pca.o(i.HAL_PCA_Base_DeInit), (38 bytes).
    Removing cs32l010_hal_pca.o(i.HAL_PCA_Base_Init), (46 bytes).
    Removing cs32l010_hal_pca.o(i.HAL_PCA_Base_MspDeInit), (2 bytes).
    Removing cs32l010_hal_pca.o(i.HAL_PCA_Base_MspInit), (2 bytes).
    Removing cs32l010_hal_pca.o(i.HAL_PCA_IC_ConfigChannel), (106 bytes).
    Removing cs32l010_hal_pca.o(i.HAL_PCA_IC_DeInit), (38 bytes).
    Removing cs32l010_hal_pca.o(i.HAL_PCA_IC_Init), (46 bytes).
    Removing cs32l010_hal_pca.o(i.HAL_PCA_IC_MspDeInit), (2 bytes).
    Removing cs32l010_hal_pca.o(i.HAL_PCA_IC_MspInit), (2 bytes).
    Removing cs32l010_hal_pca.o(i.HAL_PCA_IRQHandler), (404 bytes).
    Removing cs32l010_hal_pca.o(i.HAL_PCA_InputCaptureCallback), (2 bytes).
    Removing cs32l010_hal_pca.o(i.HAL_PCA_OC_ConfigChannel), (106 bytes).
    Removing cs32l010_hal_pca.o(i.HAL_PCA_OC_DeInit), (38 bytes).
    Removing cs32l010_hal_pca.o(i.HAL_PCA_OC_Init), (46 bytes).
    Removing cs32l010_hal_pca.o(i.HAL_PCA_OC_MspDeInit), (2 bytes).
    Removing cs32l010_hal_pca.o(i.HAL_PCA_OC_MspInit), (2 bytes).
    Removing cs32l010_hal_pca.o(i.HAL_PCA_OC_Start), (140 bytes).
    Removing cs32l010_hal_pca.o(i.HAL_PCA_OC_Start_IT), (220 bytes).
    Removing cs32l010_hal_pca.o(i.HAL_PCA_OC_Stop), (140 bytes).
    Removing cs32l010_hal_pca.o(i.HAL_PCA_OC_Stop_IT), (220 bytes).
    Removing cs32l010_hal_pca.o(i.HAL_PCA_OutputCompareCallback), (2 bytes).
    Removing cs32l010_hal_pca.o(i.HAL_PCA_OverflowCallback), (2 bytes).
    Removing cs32l010_hal_pca.o(i.HAL_PCA_Start), (26 bytes).
    Removing cs32l010_hal_pca.o(i.HAL_PCA_Start_IT), (142 bytes).
    Removing cs32l010_hal_pca.o(i.HAL_PCA_Stop), (26 bytes).
    Removing cs32l010_hal_pca.o(i.HAL_PCA_Stop_IT), (142 bytes).
    Removing cs32l010_hal_pca.o(i.PCA_Base_SetConfig), (26 bytes).
    Removing cs32l010_hal_pca.o(i.PCA_OC0_SetConfig), (28 bytes).
    Removing cs32l010_hal_pca.o(i.PCA_OC1_SetConfig), (28 bytes).
    Removing cs32l010_hal_pca.o(i.PCA_OC2_SetConfig), (28 bytes).
    Removing cs32l010_hal_pca.o(i.PCA_OC3_SetConfig), (28 bytes).
    Removing cs32l010_hal_pca.o(i.PCA_OC4_SetConfig), (28 bytes).
    Removing cs32l010_hal_pca.o(i.PCA_TI0_SetConfig), (12 bytes).
    Removing cs32l010_hal_pca.o(i.PCA_TI1_SetConfig), (12 bytes).
    Removing cs32l010_hal_pca.o(i.PCA_TI2_SetConfig), (12 bytes).
    Removing cs32l010_hal_pca.o(i.PCA_TI3_SetConfig), (12 bytes).
    Removing cs32l010_hal_pca.o(i.PCA_TI4_SetConfig), (12 bytes).
    Removing cs32l010_hal_pwr.o(.rev16_text), (4 bytes).
    Removing cs32l010_hal_pwr.o(.revsh_text), (4 bytes).
    Removing cs32l010_hal_pwr.o(i.HAL_PWR_DisableSEVOnPend), (20 bytes).
    Removing cs32l010_hal_pwr.o(i.HAL_PWR_DisableSleepOnExit), (20 bytes).
    Removing cs32l010_hal_pwr.o(i.HAL_PWR_EnableSEVOnPend), (20 bytes).
    Removing cs32l010_hal_pwr.o(i.HAL_PWR_EnableSleepOnExit), (20 bytes).
    Removing cs32l010_hal_pwr.o(i.HAL_PWR_EnterDEEPSLEEPMode), (24 bytes).
    Removing cs32l010_hal_pwr.o(i.HAL_PWR_EnterSLEEPMode), (32 bytes).
    Removing cs32l010_hal_rcc.o(.rev16_text), (4 bytes).
    Removing cs32l010_hal_rcc.o(.revsh_text), (4 bytes).
    Removing cs32l010_hal_rcc.o(i.HAL_RCC_DeInit), (368 bytes).
    Removing cs32l010_hal_rcc.o(i.HAL_RCC_GetClockConfig), (36 bytes).
    Removing cs32l010_hal_rcc.o(i.HAL_RCC_GetOscConfig), (140 bytes).
    Removing cs32l010_hal_rcc.o(i.HAL_RCC_MCOConfig), (120 bytes).
    Removing cs32l010_hal_rtc.o(.rev16_text), (4 bytes).
    Removing cs32l010_hal_rtc.o(.revsh_text), (4 bytes).
    Removing cs32l010_hal_rtc.o(i.HAL_RTC_1HZ_Config), (88 bytes).
    Removing cs32l010_hal_rtc.o(i.HAL_RTC_Alarm1_Config), (88 bytes).
    Removing cs32l010_hal_rtc.o(i.HAL_RTC_Alarm1_GetDate), (124 bytes).
    Removing cs32l010_hal_rtc.o(i.HAL_RTC_Alarm1_GetTime), (138 bytes).
    Removing cs32l010_hal_rtc.o(i.HAL_RTC_Alarm1_SetDate), (216 bytes).
    Removing cs32l010_hal_rtc.o(i.HAL_RTC_Alarm1_SetTime), (260 bytes).
    Removing cs32l010_hal_rtc.o(i.HAL_RTC_Alarm1_Set_INT_Source), (58 bytes).
    Removing cs32l010_hal_rtc.o(i.HAL_RTC_Alarm2_Config), (76 bytes).
    Removing cs32l010_hal_rtc.o(i.HAL_RTC_Alarm_Clear_Flag), (48 bytes).
    Removing cs32l010_hal_rtc.o(i.HAL_RTC_Alarm_Get_Flag), (52 bytes).
    Removing cs32l010_hal_rtc.o(i.HAL_RTC_Alarm_INT_Config), (84 bytes).
    Removing cs32l010_hal_rtc.o(i.HAL_RTC_DeInit), (162 bytes).
    Removing cs32l010_hal_rtc.o(i.HAL_RTC_GetState), (6 bytes).
    Removing cs32l010_hal_rtc.o(i.HAL_RTC_GetTime_Date), (412 bytes).
    Removing cs32l010_hal_rtc.o(i.HAL_RTC_Init), (324 bytes).
    Removing cs32l010_hal_rtc.o(i.HAL_RTC_MspDeInit), (2 bytes).
    Removing cs32l010_hal_rtc.o(i.HAL_RTC_MspInit), (2 bytes).
    Removing cs32l010_hal_rtc.o(i.HAL_RTC_SetDate), (232 bytes).
    Removing cs32l010_hal_rtc.o(i.HAL_RTC_SetTime), (306 bytes).
    Removing cs32l010_hal_rtc.o(i.HAL_RTC_SetTime_SetDate), (448 bytes).
    Removing cs32l010_hal_rtc.o(i.RTC_Bcd2ToByte), (26 bytes).
    Removing cs32l010_hal_rtc.o(i.RTC_ByteToBcd2), (26 bytes).
    Removing cs32l010_hal_rtc.o(i.RTC_Clear_RSF_Flag), (28 bytes).
    Removing cs32l010_hal_rtc.o(i.RTC_Disable_Write_Protected), (14 bytes).
    Removing cs32l010_hal_rtc.o(i.RTC_Enter_Init_Mode), (72 bytes).
    Removing cs32l010_hal_rtc.o(i.RTC_Exit_Init_Mode), (72 bytes).
    Removing cs32l010_hal_rtc.o(i.RTC_Get_RSF_Flag), (24 bytes).
    Removing cs32l010_hal_spi.o(.rev16_text), (4 bytes).
    Removing cs32l010_hal_spi.o(.revsh_text), (4 bytes).
    Removing cs32l010_hal_spi.o(i.HAL_SPI_DeInit), (50 bytes).
    Removing cs32l010_hal_spi.o(i.HAL_SPI_Get_ErrorFlags), (8 bytes).
    Removing cs32l010_hal_spi.o(i.HAL_SPI_Get_SPIIF), (22 bytes).
    Removing cs32l010_hal_spi.o(i.HAL_SPI_Init), (86 bytes).
    Removing cs32l010_hal_spi.o(i.HAL_SPI_Master_Receive_Data), (110 bytes).
    Removing cs32l010_hal_spi.o(i.HAL_SPI_Master_Send_Data), (120 bytes).
    Removing cs32l010_hal_spi.o(i.HAL_SPI_Master_TransmitReceive), (102 bytes).
    Removing cs32l010_hal_spi.o(i.HAL_SPI_MspDeInit), (2 bytes).
    Removing cs32l010_hal_spi.o(i.HAL_SPI_MspInit), (2 bytes).
    Removing cs32l010_hal_spi.o(i.HAL_SPI_Set_NSS), (12 bytes).
    Removing cs32l010_hal_spi.o(i.HAL_SPI_Slave_Receive_Data), (132 bytes).
    Removing cs32l010_hal_spi.o(i.HAL_SPI_Slave_Send_Data), (100 bytes).
    Removing cs32l010_hal_spi.o(i.LL_SPI_Master_TransmitReceive), (100 bytes).
    Removing cs32l010_hal_tim.o(.rev16_text), (4 bytes).
    Removing cs32l010_hal_tim.o(.revsh_text), (4 bytes).
    Removing cs32l010_hal_tim.o(i.HAL_TIM_Base_DeInit), (72 bytes).
    Removing cs32l010_hal_tim.o(i.HAL_TIM_Base_GetState), (6 bytes).
    Removing cs32l010_hal_tim.o(i.HAL_TIM_Base_Init), (46 bytes).
    Removing cs32l010_hal_tim.o(i.HAL_TIM_Base_MspDeInit), (2 bytes).
    Removing cs32l010_hal_tim.o(i.HAL_TIM_Base_MspInit), (2 bytes).
    Removing cs32l010_hal_tim.o(i.HAL_TIM_Base_Start), (26 bytes).
    Removing cs32l010_hal_tim.o(i.HAL_TIM_Base_Start_IT), (30 bytes).
    Removing cs32l010_hal_tim.o(i.HAL_TIM_Base_Stop), (60 bytes).
    Removing cs32l010_hal_tim.o(i.HAL_TIM_Base_Stop_IT), (64 bytes).
    Removing cs32l010_hal_tim.o(i.HAL_TIM_BreakCallback), (2 bytes).
    Removing cs32l010_hal_tim.o(i.HAL_TIM_CommutationCallback), (2 bytes).
    Removing cs32l010_hal_tim.o(i.HAL_TIM_ConfigBreakDeadTime), (148 bytes).
    Removing cs32l010_hal_tim.o(i.HAL_TIM_ConfigClockSource), (308 bytes).
    Removing cs32l010_hal_tim.o(i.HAL_TIM_ConfigOCrefClear), (262 bytes).
    Removing cs32l010_hal_tim.o(i.HAL_TIM_ConfigTI1Input), (34 bytes).
    Removing cs32l010_hal_tim.o(i.HAL_TIM_Encoder_DeInit), (72 bytes).
    Removing cs32l010_hal_tim.o(i.HAL_TIM_Encoder_GetState), (6 bytes).
    Removing cs32l010_hal_tim.o(i.HAL_TIM_Encoder_Init), (188 bytes).
    Removing cs32l010_hal_tim.o(i.HAL_TIM_Encoder_MspDeInit), (2 bytes).
    Removing cs32l010_hal_tim.o(i.HAL_TIM_Encoder_MspInit), (2 bytes).
    Removing cs32l010_hal_tim.o(i.HAL_TIM_Encoder_Start), (80 bytes).
    Removing cs32l010_hal_tim.o(i.HAL_TIM_Encoder_Start_IT), (128 bytes).
    Removing cs32l010_hal_tim.o(i.HAL_TIM_Encoder_Stop), (112 bytes).
    Removing cs32l010_hal_tim.o(i.HAL_TIM_Encoder_Stop_IT), (160 bytes).
    Removing cs32l010_hal_tim.o(i.HAL_TIM_ErrorCallback), (2 bytes).
    Removing cs32l010_hal_tim.o(i.HAL_TIM_GenerateEvent), (44 bytes).
    Removing cs32l010_hal_tim.o(i.HAL_TIM_IC_CaptureCallback), (2 bytes).
    Removing cs32l010_hal_tim.o(i.HAL_TIM_IC_ConfigChannel), (216 bytes).
    Removing cs32l010_hal_tim.o(i.HAL_TIM_IC_DeInit), (72 bytes).
    Removing cs32l010_hal_tim.o(i.HAL_TIM_IC_GetState), (6 bytes).
    Removing cs32l010_hal_tim.o(i.HAL_TIM_IC_Init), (46 bytes).
    Removing cs32l010_hal_tim.o(i.HAL_TIM_IC_MspDeInit), (2 bytes).
    Removing cs32l010_hal_tim.o(i.HAL_TIM_IC_MspInit), (2 bytes).
    Removing cs32l010_hal_tim.o(i.HAL_TIM_IC_Start), (32 bytes).
    Removing cs32l010_hal_tim.o(i.HAL_TIM_IC_Start_IT), (110 bytes).
    Removing cs32l010_hal_tim.o(i.HAL_TIM_IC_Stop), (64 bytes).
    Removing cs32l010_hal_tim.o(i.HAL_TIM_IC_Stop_IT), (144 bytes).
    Removing cs32l010_hal_tim.o(i.HAL_TIM_IRQHandler), (456 bytes).
    Removing cs32l010_hal_tim.o(i.HAL_TIM_OC_ConfigChannel), (108 bytes).
    Removing cs32l010_hal_tim.o(i.HAL_TIM_OC_DeInit), (72 bytes).
    Removing cs32l010_hal_tim.o(i.HAL_TIM_OC_DelayElapsedCallback), (2 bytes).
    Removing cs32l010_hal_tim.o(i.HAL_TIM_OC_GetState), (6 bytes).
    Removing cs32l010_hal_tim.o(i.HAL_TIM_OC_Init), (46 bytes).
    Removing cs32l010_hal_tim.o(i.HAL_TIM_OC_MspDeInit), (2 bytes).
    Removing cs32l010_hal_tim.o(i.HAL_TIM_OC_MspInit), (2 bytes).
    Removing cs32l010_hal_tim.o(i.HAL_TIM_OC_Start), (68 bytes).
    Removing cs32l010_hal_tim.o(i.HAL_TIM_OC_Start_IT), (148 bytes).
    Removing cs32l010_hal_tim.o(i.HAL_TIM_OC_Stop), (128 bytes).
    Removing cs32l010_hal_tim.o(i.HAL_TIM_OC_Stop_IT), (208 bytes).
    Removing cs32l010_hal_tim.o(i.HAL_TIM_OnePulse_ConfigChannel), (286 bytes).
    Removing cs32l010_hal_tim.o(i.HAL_TIM_OnePulse_DeInit), (72 bytes).
    Removing cs32l010_hal_tim.o(i.HAL_TIM_OnePulse_GetState), (6 bytes).
    Removing cs32l010_hal_tim.o(i.HAL_TIM_OnePulse_Init), (70 bytes).
    Removing cs32l010_hal_tim.o(i.HAL_TIM_OnePulse_MspDeInit), (2 bytes).
    Removing cs32l010_hal_tim.o(i.HAL_TIM_OnePulse_MspInit), (2 bytes).
    Removing cs32l010_hal_tim.o(i.HAL_TIM_OnePulse_Start), (68 bytes).
    Removing cs32l010_hal_tim.o(i.HAL_TIM_OnePulse_Start_IT), (92 bytes).
    Removing cs32l010_hal_tim.o(i.HAL_TIM_OnePulse_Stop), (140 bytes).
    Removing cs32l010_hal_tim.o(i.HAL_TIM_OnePulse_Stop_IT), (164 bytes).
    Removing cs32l010_hal_tim.o(i.HAL_TIM_PWMN_Start), (46 bytes).
    Removing cs32l010_hal_tim.o(i.HAL_TIM_PWMN_Start_IT), (118 bytes).
    Removing cs32l010_hal_tim.o(i.HAL_TIM_PWMN_Stop), (108 bytes).
    Removing cs32l010_hal_tim.o(i.HAL_TIM_PWMN_Stop_IT), (196 bytes).
    Removing cs32l010_hal_tim.o(i.HAL_TIM_PWM_ConfigChannel), (264 bytes).
    Removing cs32l010_hal_tim.o(i.HAL_TIM_PWM_DeInit), (72 bytes).
    Removing cs32l010_hal_tim.o(i.HAL_TIM_PWM_GetState), (6 bytes).
    Removing cs32l010_hal_tim.o(i.HAL_TIM_PWM_Init), (46 bytes).
    Removing cs32l010_hal_tim.o(i.HAL_TIM_PWM_MspDeInit), (2 bytes).
    Removing cs32l010_hal_tim.o(i.HAL_TIM_PWM_MspInit), (2 bytes).
    Removing cs32l010_hal_tim.o(i.HAL_TIM_PWM_PulseFinishedCallback), (2 bytes).
    Removing cs32l010_hal_tim.o(i.HAL_TIM_PWM_Start), (68 bytes).
    Removing cs32l010_hal_tim.o(i.HAL_TIM_PWM_Start_IT), (148 bytes).
    Removing cs32l010_hal_tim.o(i.HAL_TIM_PWM_Stop), (132 bytes).
    Removing cs32l010_hal_tim.o(i.HAL_TIM_PWM_Stop_IT), (208 bytes).
    Removing cs32l010_hal_tim.o(i.HAL_TIM_PeriodElapsedCallback), (2 bytes).
    Removing cs32l010_hal_tim.o(i.HAL_TIM_ReadCapturedValue), (80 bytes).
    Removing cs32l010_hal_tim.o(i.HAL_TIM_SlaveConfigSynchronization), (64 bytes).
    Removing cs32l010_hal_tim.o(i.HAL_TIM_SlaveConfigSynchronization_IT), (64 bytes).
    Removing cs32l010_hal_tim.o(i.HAL_TIM_TriggerCallback), (2 bytes).
    Removing cs32l010_hal_tim.o(i.TIM_Base_SetConfig), (104 bytes).
    Removing cs32l010_hal_tim.o(i.TIM_CCxChannelCmd), (28 bytes).
    Removing cs32l010_hal_tim.o(i.TIM_CCxNChannelCmd), (28 bytes).
    Removing cs32l010_hal_tim.o(i.TIM_ETR_SetConfig), (30 bytes).
    Removing cs32l010_hal_tim.o(i.TIM_ITRx_SetConfig), (26 bytes).
    Removing cs32l010_hal_tim.o(i.TIM_OC1_SetConfig), (124 bytes).
    Removing cs32l010_hal_tim.o(i.TIM_OC2_SetConfig), (144 bytes).
    Removing cs32l010_hal_tim.o(i.TIM_OC3_SetConfig), (136 bytes).
    Removing cs32l010_hal_tim.o(i.TIM_OC4_SetConfig), (104 bytes).
    Removing cs32l010_hal_tim.o(i.TIM_SlaveTimer_SetConfig), (172 bytes).
    Removing cs32l010_hal_tim.o(i.TIM_TI1_ConfigInputStage), (54 bytes).
    Removing cs32l010_hal_tim.o(i.TIM_TI1_SetConfig), (100 bytes).
    Removing cs32l010_hal_tim.o(i.TIM_TI2_ConfigInputStage), (54 bytes).
    Removing cs32l010_hal_tim.o(i.TIM_TI2_SetConfig), (76 bytes).
    Removing cs32l010_hal_tim.o(i.TIM_TI3_SetConfig), (74 bytes).
    Removing cs32l010_hal_tim.o(i.TIM_TI4_SetConfig), (82 bytes).
    Removing cs32l010_hal_tim.o(.data), (1 bytes).
    Removing cs32l010_hal_uart.o(.rev16_text), (4 bytes).
    Removing cs32l010_hal_uart.o(.revsh_text), (4 bytes).
    Removing cs32l010_hal_uart.o(i.HAL_HalfDuplex_Init), (80 bytes).
    Removing cs32l010_hal_uart.o(i.HAL_UART_Abort), (44 bytes).
    Removing cs32l010_hal_uart.o(i.HAL_UART_AbortCpltCallback), (2 bytes).
    Removing cs32l010_hal_uart.o(i.HAL_UART_AbortReceive), (36 bytes).
    Removing cs32l010_hal_uart.o(i.HAL_UART_AbortReceiveCpltCallback), (2 bytes).
    Removing cs32l010_hal_uart.o(i.HAL_UART_AbortTransmit), (36 bytes).
    Removing cs32l010_hal_uart.o(i.HAL_UART_AbortTransmitCpltCallback), (2 bytes).
    Removing cs32l010_hal_uart.o(i.HAL_UART_GetError), (6 bytes).
    Removing cs32l010_hal_uart.o(i.HAL_UART_GetState), (20 bytes).
    Removing cs32l010_hal_uart.o(i.HAL_UART_MspInit), (2 bytes).
    Removing cs32l010_hal_uart.o(i.HAL_UART_Receive), (404 bytes).
    Removing cs32l010_hal_uart.o(i.HAL_UART_RxCpltCallback), (2 bytes).
    Removing cs32l010_hal_uart.o(i.UART_Single_Receive_IT), (120 bytes).
    Removing cs32l010_hal_vc.o(.rev16_text), (4 bytes).
    Removing cs32l010_hal_vc.o(.revsh_text), (4 bytes).
    Removing cs32l010_hal_vc.o(i.HAL_VC_Clear_INT_Flag), (14 bytes).
    Removing cs32l010_hal_vc.o(i.HAL_VC_DeInit), (22 bytes).
    Removing cs32l010_hal_vc.o(i.HAL_VC_Disable), (14 bytes).
    Removing cs32l010_hal_vc.o(i.HAL_VC_Enable), (14 bytes).
    Removing cs32l010_hal_vc.o(i.HAL_VC_Get_INT_Flag), (24 bytes).
    Removing cs32l010_hal_vc.o(i.HAL_VC_Get_OutPut_State), (24 bytes).
    Removing cs32l010_hal_vc.o(i.HAL_VC_Init), (166 bytes).
    Removing cs32l010_hal_vc.o(i.HAL_VC_OutPut_Config_Disable), (20 bytes).
    Removing cs32l010_hal_vc.o(i.HAL_VC_OutPut_Config_Enable), (20 bytes).
    Removing cs32l010_hal_wwdg.o(.rev16_text), (4 bytes).
    Removing cs32l010_hal_wwdg.o(.revsh_text), (4 bytes).
    Removing cs32l010_hal_wwdg.o(i.HAL_WWDG_Get_Counter), (14 bytes).
    Removing cs32l010_hal_wwdg.o(i.HAL_WWDG_INT_Callback), (2 bytes).
    Removing startup_cs32l010.o(HEAP), (512 bytes).
    Removing system_cs32l010.o(.rev16_text), (4 bytes).
    Removing system_cs32l010.o(.revsh_text), (4 bytes).
    Removing system_cs32l010.o(i.SystemCoreClockUpdate), (260 bytes).
    Removing dadd.o(.text), (356 bytes).
    Removing dmul.o(.text), (208 bytes).
    Removing ddiv.o(.text), (240 bytes).
    Removing dfixul.o(.text), (64 bytes).
    Removing cdrcmple.o(.text), (40 bytes).
    Removing depilogue.o(.text), (190 bytes).
    Removing cs32l010_hal_adc.o(i.__ARM_common_switch8), (28 bytes).
    Removing depilogue.o(i.__ARM_clz), (46 bytes).

487 unused section(s) (total 31759 bytes) removed from the image.

==============================================================================

Image Symbol Table

    Local Symbols

    Symbol Name                              Value     Ov Type        Size  Object(Section)

    RESET                                    0x00000000   Section      192  startup_cs32l010.o(RESET)
    ../clib/microlib/division.c              0x00000000   Number         0  uidiv.o ABSOLUTE
    ../clib/microlib/division.c              0x00000000   Number         0  uldiv.o ABSOLUTE
    ../clib/microlib/init/entry.s            0x00000000   Number         0  entry9a.o ABSOLUTE
    ../clib/microlib/init/entry.s            0x00000000   Number         0  entry7b.o ABSOLUTE
    ../clib/microlib/init/entry.s            0x00000000   Number         0  entry11b.o ABSOLUTE
    ../clib/microlib/init/entry.s            0x00000000   Number         0  entry7a.o ABSOLUTE
    ../clib/microlib/init/entry.s            0x00000000   Number         0  entry.o ABSOLUTE
    ../clib/microlib/init/entry.s            0x00000000   Number         0  entry10b.o ABSOLUTE
    ../clib/microlib/init/entry.s            0x00000000   Number         0  entry5.o ABSOLUTE
    ../clib/microlib/init/entry.s            0x00000000   Number         0  entry10a.o ABSOLUTE
    ../clib/microlib/init/entry.s            0x00000000   Number         0  entry9b.o ABSOLUTE
    ../clib/microlib/init/entry.s            0x00000000   Number         0  entry11a.o ABSOLUTE
    ../clib/microlib/init/entry.s            0x00000000   Number         0  entry2.o ABSOLUTE
    ../clib/microlib/init/entry.s            0x00000000   Number         0  entry8b.o ABSOLUTE
    ../clib/microlib/init/entry.s            0x00000000   Number         0  entry8a.o ABSOLUTE
    ../clib/microlib/longlong.c              0x00000000   Number         0  llsshr.o ABSOLUTE
    ../clib/microlib/longlong.c              0x00000000   Number         0  llshl.o ABSOLUTE
    ../clib/microlib/longlong.c              0x00000000   Number         0  llushr.o ABSOLUTE
    ../clib/microlib/printf/printf.c         0x00000000   Number         0  printfb.o ABSOLUTE
    ../clib/microlib/printf/printf.c         0x00000000   Number         0  printfa.o ABSOLUTE
    ../clib/microlib/printf/printf.c         0x00000000   Number         0  printf8.o ABSOLUTE
    ../clib/microlib/printf/printf.c         0x00000000   Number         0  printf7.o ABSOLUTE
    ../clib/microlib/printf/printf.c         0x00000000   Number         0  printf6.o ABSOLUTE
    ../clib/microlib/printf/printf.c         0x00000000   Number         0  printf5.o ABSOLUTE
    ../clib/microlib/printf/printf.c         0x00000000   Number         0  printf4.o ABSOLUTE
    ../clib/microlib/printf/printf.c         0x00000000   Number         0  printf3.o ABSOLUTE
    ../clib/microlib/printf/printf.c         0x00000000   Number         0  printf2.o ABSOLUTE
    ../clib/microlib/printf/printf.c         0x00000000   Number         0  printf1.o ABSOLUTE
    ../clib/microlib/printf/printf.c         0x00000000   Number         0  printf0.o ABSOLUTE
    ../clib/microlib/printf/stubs.s          0x00000000   Number         0  stubs.o ABSOLUTE
    ../clib/microlib/stdio/streams.c         0x00000000   Number         0  stdout.o ABSOLUTE
    ../clib/microlib/string/memcpy.c         0x00000000   Number         0  memcpya.o ABSOLUTE
    ../clib/microlib/string/memcpy.c         0x00000000   Number         0  memcpyb.o ABSOLUTE
    ../clib/microlib/string/memset.c         0x00000000   Number         0  memseta.o ABSOLUTE
    ../clib/microlib/stubs.s                 0x00000000   Number         0  iusefp.o ABSOLUTE
    ../fplib/microlib/fpadd.c                0x00000000   Number         0  dadd.o ABSOLUTE
    ../fplib/microlib/fpdiv.c                0x00000000   Number         0  ddiv.o ABSOLUTE
    ../fplib/microlib/fpepilogue.c           0x00000000   Number         0  depilogue.o ABSOLUTE
    ../fplib/microlib/fpfix.c                0x00000000   Number         0  dfixul.o ABSOLUTE
    ../fplib/microlib/fpmul.c                0x00000000   Number         0  dmul.o ABSOLUTE
    Device\HAL_Driver\src\cs32l010_hal.c     0x00000000   Number         0  cs32l010_hal.o ABSOLUTE
    Device\HAL_Driver\src\cs32l010_hal_adc.c 0x00000000   Number         0  cs32l010_hal_adc.o ABSOLUTE
    Device\HAL_Driver\src\cs32l010_hal_awk.c 0x00000000   Number         0  cs32l010_hal_awk.o ABSOLUTE
    Device\HAL_Driver\src\cs32l010_hal_basetim.c 0x00000000   Number         0  cs32l010_hal_basetim.o ABSOLUTE
    Device\HAL_Driver\src\cs32l010_hal_beep.c 0x00000000   Number         0  cs32l010_hal_beep.o ABSOLUTE
    Device\HAL_Driver\src\cs32l010_hal_clktrim.c 0x00000000   Number         0  cs32l010_hal_clktrim.o ABSOLUTE
    Device\HAL_Driver\src\cs32l010_hal_cortex.c 0x00000000   Number         0  cs32l010_hal_cortex.o ABSOLUTE
    Device\HAL_Driver\src\cs32l010_hal_crc.c 0x00000000   Number         0  cs32l010_hal_crc.o ABSOLUTE
    Device\HAL_Driver\src\cs32l010_hal_flash.c 0x00000000   Number         0  cs32l010_hal_flash.o ABSOLUTE
    Device\HAL_Driver\src\cs32l010_hal_gpio.c 0x00000000   Number         0  cs32l010_hal_gpio.o ABSOLUTE
    Device\HAL_Driver\src\cs32l010_hal_i2c.c 0x00000000   Number         0  cs32l010_hal_i2c.o ABSOLUTE
    Device\HAL_Driver\src\cs32l010_hal_iwdg.c 0x00000000   Number         0  cs32l010_hal_iwdg.o ABSOLUTE
    Device\HAL_Driver\src\cs32l010_hal_lptim.c 0x00000000   Number         0  cs32l010_hal_lptim.o ABSOLUTE
    Device\HAL_Driver\src\cs32l010_hal_lpuart.c 0x00000000   Number         0  cs32l010_hal_lpuart.o ABSOLUTE
    Device\HAL_Driver\src\cs32l010_hal_lvd.c 0x00000000   Number         0  cs32l010_hal_lvd.o ABSOLUTE
    Device\HAL_Driver\src\cs32l010_hal_owire.c 0x00000000   Number         0  cs32l010_hal_owire.o ABSOLUTE
    Device\HAL_Driver\src\cs32l010_hal_pca.c 0x00000000   Number         0  cs32l010_hal_pca.o ABSOLUTE
    Device\HAL_Driver\src\cs32l010_hal_pwr.c 0x00000000   Number         0  cs32l010_hal_pwr.o ABSOLUTE
    Device\HAL_Driver\src\cs32l010_hal_rcc.c 0x00000000   Number         0  cs32l010_hal_rcc.o ABSOLUTE
    Device\HAL_Driver\src\cs32l010_hal_rtc.c 0x00000000   Number         0  cs32l010_hal_rtc.o ABSOLUTE
    Device\HAL_Driver\src\cs32l010_hal_spi.c 0x00000000   Number         0  cs32l010_hal_spi.o ABSOLUTE
    Device\HAL_Driver\src\cs32l010_hal_tim.c 0x00000000   Number         0  cs32l010_hal_tim.o ABSOLUTE
    Device\HAL_Driver\src\cs32l010_hal_uart.c 0x00000000   Number         0  cs32l010_hal_uart.o ABSOLUTE
    Device\HAL_Driver\src\cs32l010_hal_vc.c  0x00000000   Number         0  cs32l010_hal_vc.o ABSOLUTE
    Device\HAL_Driver\src\cs32l010_hal_wwdg.c 0x00000000   Number         0  cs32l010_hal_wwdg.o ABSOLUTE
    Device\\HAL_Driver\\src\\cs32l010_hal.c  0x00000000   Number         0  cs32l010_hal.o ABSOLUTE
    Device\\HAL_Driver\\src\\cs32l010_hal_adc.c 0x00000000   Number         0  cs32l010_hal_adc.o ABSOLUTE
    Device\\HAL_Driver\\src\\cs32l010_hal_awk.c 0x00000000   Number         0  cs32l010_hal_awk.o ABSOLUTE
    Device\\HAL_Driver\\src\\cs32l010_hal_basetim.c 0x00000000   Number         0  cs32l010_hal_basetim.o ABSOLUTE
    Device\\HAL_Driver\\src\\cs32l010_hal_beep.c 0x00000000   Number         0  cs32l010_hal_beep.o ABSOLUTE
    Device\\HAL_Driver\\src\\cs32l010_hal_clktrim.c 0x00000000   Number         0  cs32l010_hal_clktrim.o ABSOLUTE
    Device\\HAL_Driver\\src\\cs32l010_hal_cortex.c 0x00000000   Number         0  cs32l010_hal_cortex.o ABSOLUTE
    Device\\HAL_Driver\\src\\cs32l010_hal_crc.c 0x00000000   Number         0  cs32l010_hal_crc.o ABSOLUTE
    Device\\HAL_Driver\\src\\cs32l010_hal_flash.c 0x00000000   Number         0  cs32l010_hal_flash.o ABSOLUTE
    Device\\HAL_Driver\\src\\cs32l010_hal_gpio.c 0x00000000   Number         0  cs32l010_hal_gpio.o ABSOLUTE
    Device\\HAL_Driver\\src\\cs32l010_hal_i2c.c 0x00000000   Number         0  cs32l010_hal_i2c.o ABSOLUTE
    Device\\HAL_Driver\\src\\cs32l010_hal_iwdg.c 0x00000000   Number         0  cs32l010_hal_iwdg.o ABSOLUTE
    Device\\HAL_Driver\\src\\cs32l010_hal_lptim.c 0x00000000   Number         0  cs32l010_hal_lptim.o ABSOLUTE
    Device\\HAL_Driver\\src\\cs32l010_hal_lpuart.c 0x00000000   Number         0  cs32l010_hal_lpuart.o ABSOLUTE
    Device\\HAL_Driver\\src\\cs32l010_hal_lvd.c 0x00000000   Number         0  cs32l010_hal_lvd.o ABSOLUTE
    Device\\HAL_Driver\\src\\cs32l010_hal_owire.c 0x00000000   Number         0  cs32l010_hal_owire.o ABSOLUTE
    Device\\HAL_Driver\\src\\cs32l010_hal_pca.c 0x00000000   Number         0  cs32l010_hal_pca.o ABSOLUTE
    Device\\HAL_Driver\\src\\cs32l010_hal_pwr.c 0x00000000   Number         0  cs32l010_hal_pwr.o ABSOLUTE
    Device\\HAL_Driver\\src\\cs32l010_hal_rcc.c 0x00000000   Number         0  cs32l010_hal_rcc.o ABSOLUTE
    Device\\HAL_Driver\\src\\cs32l010_hal_rtc.c 0x00000000   Number         0  cs32l010_hal_rtc.o ABSOLUTE
    Device\\HAL_Driver\\src\\cs32l010_hal_spi.c 0x00000000   Number         0  cs32l010_hal_spi.o ABSOLUTE
    Device\\HAL_Driver\\src\\cs32l010_hal_tim.c 0x00000000   Number         0  cs32l010_hal_tim.o ABSOLUTE
    Device\\HAL_Driver\\src\\cs32l010_hal_uart.c 0x00000000   Number         0  cs32l010_hal_uart.o ABSOLUTE
    Device\\HAL_Driver\\src\\cs32l010_hal_vc.c 0x00000000   Number         0  cs32l010_hal_vc.o ABSOLUTE
    Device\\HAL_Driver\\src\\cs32l010_hal_wwdg.c 0x00000000   Number         0  cs32l010_hal_wwdg.o ABSOLUTE
    Main\\main.c                             0x00000000   Number         0  main.o ABSOLUTE
    Main\main.c                              0x00000000   Number         0  main.o ABSOLUTE
    RTE\Device\CS32L010\startup_cs32l010.s   0x00000000   Number         0  startup_cs32l010.o ABSOLUTE
    RTE\Device\CS32L010\system_cs32l010.c    0x00000000   Number         0  system_cs32l010.o ABSOLUTE
    RTE\\Device\\CS32L010\\system_cs32l010.c 0x00000000   Number         0  system_cs32l010.o ABSOLUTE
    User\DFRobot_I2C_Slave.c                 0x00000000   Number         0  dfrobot_i2c_slave.o ABSOLUTE
    User\\DFRobot_I2C_Slave.c                0x00000000   Number         0  dfrobot_i2c_slave.o ABSOLUTE
    User\\cs32l010_hal_msp.c                 0x00000000   Number         0  cs32l010_hal_msp.o ABSOLUTE
    User\\cs32l010_it.c                      0x00000000   Number         0  cs32l010_it.o ABSOLUTE
    User\\log.c                              0x00000000   Number         0  log.o ABSOLUTE
    User\cs32l010_hal_msp.c                  0x00000000   Number         0  cs32l010_hal_msp.o ABSOLUTE
    User\cs32l010_it.c                       0x00000000   Number         0  cs32l010_it.o ABSOLUTE
    User\log.c                               0x00000000   Number         0  log.o ABSOLUTE
    cdrcmple.s                               0x00000000   Number         0  cdrcmple.o ABSOLUTE
    dc.s                                     0x00000000   Number         0  dc.o ABSOLUTE
    handlers.s                               0x00000000   Number         0  handlers.o ABSOLUTE
    init.s                                   0x00000000   Number         0  init.o ABSOLUTE
    .ARM.Collect$$$$00000000                 0x000000c0   Section        0  entry.o(.ARM.Collect$$$$00000000)
    .ARM.Collect$$$$00000001                 0x000000c0   Section        4  entry2.o(.ARM.Collect$$$$00000001)
    .ARM.Collect$$$$00000004                 0x000000c4   Section        4  entry5.o(.ARM.Collect$$$$00000004)
    .ARM.Collect$$$$00000008                 0x000000c8   Section        0  entry7b.o(.ARM.Collect$$$$00000008)
    .ARM.Collect$$$$0000000A                 0x000000c8   Section        0  entry8b.o(.ARM.Collect$$$$0000000A)
    .ARM.Collect$$$$0000000B                 0x000000c8   Section        8  entry9a.o(.ARM.Collect$$$$0000000B)
    .ARM.Collect$$$$0000000D                 0x000000d0   Section        0  entry10a.o(.ARM.Collect$$$$0000000D)
    .ARM.Collect$$$$0000000F                 0x000000d0   Section        0  entry11a.o(.ARM.Collect$$$$0000000F)
    .ARM.Collect$$$$00002712                 0x000000d0   Section        4  entry2.o(.ARM.Collect$$$$00002712)
    __lit__00000000                          0x000000d0   Data           4  entry2.o(.ARM.Collect$$$$00002712)
    .text                                    0x000000d4   Section       28  startup_cs32l010.o(.text)
    .text                                    0x000000f0   Section        0  uidiv.o(.text)
    .text                                    0x0000011c   Section        0  memcpya.o(.text)
    .text                                    0x00000140   Section        0  memseta.o(.text)
    .text                                    0x00000164   Section       36  init.o(.text)
    i.ADC_IRQHandler                         0x00000188   Section        0  cs32l010_it.o(i.ADC_IRQHandler)
    i.AWK_IRQHandler                         0x0000018a   Section        0  cs32l010_it.o(i.AWK_IRQHandler)
    i.CLKTRIM_IRQHandler                     0x0000018c   Section        0  cs32l010_it.o(i.CLKTRIM_IRQHandler)
    i.Error_Handler                          0x0000018e   Section        0  main.o(i.Error_Handler)
    i.FLASH_IRQHandler                       0x00000192   Section        0  cs32l010_it.o(i.FLASH_IRQHandler)
    i.GPIOA_IRQHandler                       0x00000194   Section        0  cs32l010_it.o(i.GPIOA_IRQHandler)
    i.GPIOB_IRQHandler                       0x00000196   Section        0  cs32l010_it.o(i.GPIOB_IRQHandler)
    i.GPIOC_IRQHandler                       0x00000198   Section        0  cs32l010_it.o(i.GPIOC_IRQHandler)
    i.GPIOD_IRQHandler                       0x0000019a   Section        0  cs32l010_it.o(i.GPIOD_IRQHandler)
    i.HAL_Delay                              0x0000019c   Section        0  cs32l010_hal.o(i.HAL_Delay)
    i.HAL_GPIO_DeInit                        0x000001c8   Section        0  cs32l010_hal_gpio.o(i.HAL_GPIO_DeInit)
    i.HAL_GPIO_Init                          0x0000024a   Section        0  cs32l010_hal_gpio.o(i.HAL_GPIO_Init)
    i.HAL_GPIO_WritePin                      0x000004c6   Section        0  cs32l010_hal_gpio.o(i.HAL_GPIO_WritePin)
    i.HAL_GetTick                            0x000004d4   Section        0  cs32l010_hal.o(i.HAL_GetTick)
    i.HAL_I2C_ACK_Config                     0x000004e0   Section        0  cs32l010_hal_i2c.o(i.HAL_I2C_ACK_Config)
    i.HAL_I2C_Check_Flag                     0x00000500   Section        0  cs32l010_hal_i2c.o(i.HAL_I2C_Check_Flag)
    i.HAL_I2C_Clear_Interrupt_Flag           0x0000051e   Section        0  cs32l010_hal_i2c.o(i.HAL_I2C_Clear_Interrupt_Flag)
    i.HAL_I2C_Get_Interrupt_Flag             0x0000052c   Section        0  cs32l010_hal_i2c.o(i.HAL_I2C_Get_Interrupt_Flag)
    i.HAL_I2C_IRQHandler                     0x0000053a   Section        0  cs32l010_hal_i2c.o(i.HAL_I2C_IRQHandler)
    i.HAL_I2C_Init                           0x00000554   Section        0  cs32l010_hal_i2c.o(i.HAL_I2C_Init)
    i.HAL_I2C_MasterCallback                 0x00000646   Section        0  cs32l010_hal_i2c.o(i.HAL_I2C_MasterCallback)
    i.HAL_I2C_MspInit                        0x00000648   Section        0  cs32l010_hal_i2c.o(i.HAL_I2C_MspInit)
    i.HAL_I2C_SlaveCallback                  0x0000064c   Section        0  dfrobot_i2c_slave.o(i.HAL_I2C_SlaveCallback)
    i.HAL_I2C_Wait_Flag                      0x000006fc   Section        0  cs32l010_hal_i2c.o(i.HAL_I2C_Wait_Flag)
    i.HAL_IncTick                            0x00000738   Section        0  cs32l010_hal.o(i.HAL_IncTick)
    i.HAL_Init                               0x00000750   Section        0  cs32l010_hal.o(i.HAL_Init)
    i.HAL_InitTick                           0x00000760   Section        0  cs32l010_hal.o(i.HAL_InitTick)
    i.HAL_MspInit                            0x000007b4   Section        0  cs32l010_hal_msp.o(i.HAL_MspInit)
    i.HAL_NVIC_DisableIRQ                    0x000007b8   Section        0  cs32l010_hal_cortex.o(i.HAL_NVIC_DisableIRQ)
    i.HAL_NVIC_EnableIRQ                     0x000007d0   Section        0  cs32l010_hal_cortex.o(i.HAL_NVIC_EnableIRQ)
    i.HAL_NVIC_SetPriority                   0x000007e8   Section        0  cs32l010_hal_cortex.o(i.HAL_NVIC_SetPriority)
    i.HAL_RCC_ClockConfig                    0x000007f8   Section        0  cs32l010_hal_rcc.o(i.HAL_RCC_ClockConfig)
    i.HAL_RCC_GetHCLKFreq                    0x000009d0   Section        0  cs32l010_hal_rcc.o(i.HAL_RCC_GetHCLKFreq)
    i.HAL_RCC_GetPCLKFreq                    0x000009dc   Section        0  cs32l010_hal_rcc.o(i.HAL_RCC_GetPCLKFreq)
    i.HAL_RCC_GetSysClockFreq                0x00000a04   Section        0  cs32l010_hal_rcc.o(i.HAL_RCC_GetSysClockFreq)
    i.HAL_RCC_OscConfig                      0x00000ab8   Section        0  cs32l010_hal_rcc.o(i.HAL_RCC_OscConfig)
    i.HAL_SYSTICK_Config                     0x00000f28   Section        0  cs32l010_hal_cortex.o(i.HAL_SYSTICK_Config)
    i.HAL_UART_DeInit                        0x00000f60   Section        0  cs32l010_hal_uart.o(i.HAL_UART_DeInit)
    i.HAL_UART_ErrorCallback                 0x00000f92   Section        0  cs32l010_hal_uart.o(i.HAL_UART_ErrorCallback)
    i.HAL_UART_IRQHandler                    0x00000f94   Section        0  cs32l010_hal_uart.o(i.HAL_UART_IRQHandler)
    i.HAL_UART_Init                          0x00001034   Section        0  cs32l010_hal_uart.o(i.HAL_UART_Init)
    i.HAL_UART_MspDeInit                     0x00001072   Section        0  cs32l010_hal_uart.o(i.HAL_UART_MspDeInit)
    i.HAL_UART_MspInit                       0x00001074   Section        0  main.o(i.HAL_UART_MspInit)
    i.HAL_UART_Receive_IT                    0x000010c0   Section        0  cs32l010_hal_uart.o(i.HAL_UART_Receive_IT)
    i.HAL_UART_RxCpltCallback                0x0000111c   Section        0  main.o(i.HAL_UART_RxCpltCallback)
    i.HAL_UART_Transmit                      0x00001134   Section        0  cs32l010_hal_uart.o(i.HAL_UART_Transmit)
    i.HAL_UART_Transmit_IT                   0x00001258   Section        0  cs32l010_hal_uart.o(i.HAL_UART_Transmit_IT)
    i.HAL_UART_TxCpltCallback                0x00001320   Section        0  cs32l010_hal_uart.o(i.HAL_UART_TxCpltCallback)
    i.HAL_WWDG_INT_Callback                  0x00001324   Section        0  main.o(i.HAL_WWDG_INT_Callback)
    i.HAL_WWDG_INT_Handler                   0x00001330   Section        0  cs32l010_hal_wwdg.o(i.HAL_WWDG_INT_Handler)
    i.HAL_WWDG_Init                          0x0000135c   Section        0  cs32l010_hal_wwdg.o(i.HAL_WWDG_Init)
    i.HAL_WWDG_Refresh                       0x00001388   Section        0  cs32l010_hal_wwdg.o(i.HAL_WWDG_Refresh)
    i.HardFault_Handler                      0x00001394   Section        0  cs32l010_it.o(i.HardFault_Handler)
    i.I2C_IRQHandler                         0x00001398   Section        0  cs32l010_it.o(i.I2C_IRQHandler)
    i.IWDG_IRQHandler                        0x000013a8   Section        0  cs32l010_it.o(i.IWDG_IRQHandler)
    i.LPTIM_IRQHandler                       0x000013aa   Section        0  cs32l010_it.o(i.LPTIM_IRQHandler)
    i.LPUART_IRQHandler                      0x000013ac   Section        0  cs32l010_it.o(i.LPUART_IRQHandler)
    i.LVD_IRQHandler                         0x000013ae   Section        0  cs32l010_it.o(i.LVD_IRQHandler)
    i.Log_UART_SetConfig                     0x000013b0   Section        0  log.o(i.Log_UART_SetConfig)
    Log_UART_SetConfig                       0x000013b1   Thumb Code    82  log.o(i.Log_UART_SetConfig)
    i.NMI_Handler                            0x00001402   Section        0  cs32l010_it.o(i.NMI_Handler)
    i.NVIC_SetPriority                       0x00001404   Section        0  cs32l010_hal_cortex.o(i.NVIC_SetPriority)
    NVIC_SetPriority                         0x00001405   Thumb Code   110  cs32l010_hal_cortex.o(i.NVIC_SetPriority)
    i.OWIRE_IRQHandler                       0x0000147c   Section        0  cs32l010_it.o(i.OWIRE_IRQHandler)
    i.PCA_IRQHandler                         0x0000147e   Section        0  cs32l010_it.o(i.PCA_IRQHandler)
    i.PendSV_Handler                         0x00001480   Section        0  cs32l010_it.o(i.PendSV_Handler)
    i.RCC_Delay                              0x00001484   Section        0  cs32l010_hal_rcc.o(i.RCC_Delay)
    RCC_Delay                                0x00001485   Thumb Code    38  cs32l010_hal_rcc.o(i.RCC_Delay)
    i.RCC_DelayF                             0x000014b0   Section        0  main.o(i.RCC_DelayF)
    i.RTC_IRQHandler                         0x000014c8   Section        0  cs32l010_it.o(i.RTC_IRQHandler)
    i.SPI_IRQHandler                         0x000014ca   Section        0  cs32l010_it.o(i.SPI_IRQHandler)
    i.SVC_Handler                            0x000014cc   Section        0  cs32l010_it.o(i.SVC_Handler)
    i.SerialInit                             0x000014d0   Section        0  log.o(i.SerialInit)
    SerialInit                               0x000014d1   Thumb Code   144  log.o(i.SerialInit)
    i.SerialSend                             0x0000156c   Section        0  log.o(i.SerialSend)
    SerialSend                               0x0000156d   Thumb Code    18  log.o(i.SerialSend)
    i.SysTick_Handler                        0x00001584   Section        0  cs32l010_it.o(i.SysTick_Handler)
    i.SystemClock_Config                     0x0000158c   Section        0  main.o(i.SystemClock_Config)
    i.SystemInit                             0x000015e0   Section        0  system_cs32l010.o(i.SystemInit)
    i.TIM10_IRQHandler                       0x00001620   Section        0  cs32l010_it.o(i.TIM10_IRQHandler)
    i.TIM11_IRQHandler                       0x00001622   Section        0  cs32l010_it.o(i.TIM11_IRQHandler)
    i.TIM1_IRQHandler                        0x00001624   Section        0  cs32l010_it.o(i.TIM1_IRQHandler)
    i.TIM2_IRQHandler                        0x00001626   Section        0  cs32l010_it.o(i.TIM2_IRQHandler)
    i.UART0_IRQHandler                       0x00001628   Section        0  cs32l010_it.o(i.UART0_IRQHandler)
    i.UART1_IRQHandler                       0x00001638   Section        0  cs32l010_it.o(i.UART1_IRQHandler)
    i.UART_Receive_IT                        0x0000163c   Section        0  cs32l010_hal_uart.o(i.UART_Receive_IT)
    i.UART_SetConfig                         0x00001738   Section        0  cs32l010_hal_uart.o(i.UART_SetConfig)
    UART_SetConfig                           0x00001739   Thumb Code    70  cs32l010_hal_uart.o(i.UART_SetConfig)
    i.UART_Transmit_IT                       0x00001780   Section        0  cs32l010_hal_uart.o(i.UART_Transmit_IT)
    i.UART_WaitOnFlagUntilTimeout            0x00001830   Section        0  cs32l010_hal_uart.o(i.UART_WaitOnFlagUntilTimeout)
    UART_WaitOnFlagUntilTimeout              0x00001831   Thumb Code    98  cs32l010_hal_uart.o(i.UART_WaitOnFlagUntilTimeout)
    i.UartInit                               0x00001892   Section        0  log.o(i.UartInit)
    i.VC_IRQHandler                          0x0000189e   Section        0  cs32l010_it.o(i.VC_IRQHandler)
    i.WWDG_IRQHandler                        0x000018a0   Section        0  cs32l010_it.o(i.WWDG_IRQHandler)
    i.WWdg_Init                              0x000018a8   Section        0  main.o(i.WWdg_Init)
    i.__0printf$2                            0x00001958   Section        0  printf2.o(i.__0printf$2)
    i.__scatterload_copy                     0x00001978   Section       14  handlers.o(i.__scatterload_copy)
    i.__scatterload_null                     0x00001986   Section        2  handlers.o(i.__scatterload_null)
    i.__scatterload_zeroinit                 0x00001988   Section       14  handlers.o(i.__scatterload_zeroinit)
    i._printf_core                           0x00001996   Section        0  printf2.o(i._printf_core)
    _printf_core                             0x00001997   Thumb Code   210  printf2.o(i._printf_core)
    i.copyData                               0x00001a68   Section        0  main.o(i.copyData)
    i.fputc                                  0x00001a8c   Section        0  log.o(i.fputc)
    i.gpio_init                              0x00001a9c   Section        0  main.o(i.gpio_init)
    i.i2cIRQConfig                           0x00001ac8   Section        0  dfrobot_i2c_slave.o(i.i2cIRQConfig)
    i.i2cInitSlave                           0x00001adc   Section        0  dfrobot_i2c_slave.o(i.i2cInitSlave)
    i.main                                   0x00001b6c   Section        0  main.o(i.main)
    .constdata                               0x00001d74   Section      256  cs32l010_hal_uart.o(.constdata)
    ParityTable256                           0x00001d74   Data         256  cs32l010_hal_uart.o(.constdata)
    .data                                    0x20000000   Section       19  main.o(.data)
    .data                                    0x20000013   Section        4  dfrobot_i2c_slave.o(.data)
    .data                                    0x20000018   Section        9  cs32l010_hal.o(.data)
    .data                                    0x20000024   Section        4  system_cs32l010.o(.data)
    .data                                    0x20000028   Section        4  stdout.o(.data)
    .bss                                     0x2000002c   Section      640  main.o(.bss)
    .bss                                     0x200002ac   Section       52  log.o(.bss)
    .bss                                     0x200002e0   Section       84  dfrobot_i2c_slave.o(.bss)
    STACK                                    0x20000338   Section      512  startup_cs32l010.o(STACK)

    Global Symbols

    Symbol Name                              Value     Ov Type        Size  Object(Section)

    BuildAttributes$$THM_ISAv3M$S$PE$A:L22$X:L11$S22$IEEE1$IW$USESV6$~STKCKD$USESV7$~SHL$OSPACE$ROPI$EBA8$MICROLIB$REQ8$PRES8$EABIv2 0x00000000   Number         0  anon$$obj.o ABSOLUTE
    __ARM_use_no_argv                        0x00000000   Number         0  main.o ABSOLUTE
    __Vectors                                0x00000000   Data           4  startup_cs32l010.o(RESET)
    _printf_a                                0x00000000   Number         0  stubs.o ABSOLUTE
    _printf_c                                0x00000000   Number         0  stubs.o ABSOLUTE
    _printf_charcount                        0x00000000   Number         0  stubs.o ABSOLUTE
    _printf_d                                0x00000000   Number         0  stubs.o ABSOLUTE
    _printf_e                                0x00000000   Number         0  stubs.o ABSOLUTE
    _printf_f                                0x00000000   Number         0  stubs.o ABSOLUTE
    _printf_flags                            0x00000000   Number         0  stubs.o ABSOLUTE
    _printf_fp_dec                           0x00000000   Number         0  stubs.o ABSOLUTE
    _printf_fp_hex                           0x00000000   Number         0  stubs.o ABSOLUTE
    _printf_g                                0x00000000   Number         0  stubs.o ABSOLUTE
    _printf_i                                0x00000000   Number         0  stubs.o ABSOLUTE
    _printf_int_dec                          0x00000000   Number         0  stubs.o ABSOLUTE
    _printf_l                                0x00000000   Number         0  stubs.o ABSOLUTE
    _printf_lc                               0x00000000   Number         0  stubs.o ABSOLUTE
    _printf_ll                               0x00000000   Number         0  stubs.o ABSOLUTE
    _printf_lld                              0x00000000   Number         0  stubs.o ABSOLUTE
    _printf_lli                              0x00000000   Number         0  stubs.o ABSOLUTE
    _printf_llo                              0x00000000   Number         0  stubs.o ABSOLUTE
    _printf_llu                              0x00000000   Number         0  stubs.o ABSOLUTE
    _printf_llx                              0x00000000   Number         0  stubs.o ABSOLUTE
    _printf_longlong_dec                     0x00000000   Number         0  stubs.o ABSOLUTE
    _printf_longlong_hex                     0x00000000   Number         0  stubs.o ABSOLUTE
    _printf_longlong_oct                     0x00000000   Number         0  stubs.o ABSOLUTE
    _printf_ls                               0x00000000   Number         0  stubs.o ABSOLUTE
    _printf_mbtowc                           0x00000000   Number         0  stubs.o ABSOLUTE
    _printf_n                                0x00000000   Number         0  stubs.o ABSOLUTE
    _printf_o                                0x00000000   Number         0  stubs.o ABSOLUTE
    _printf_p                                0x00000000   Number         0  stubs.o ABSOLUTE
    _printf_percent                          0x00000000   Number         0  stubs.o ABSOLUTE
    _printf_pre_padding                      0x00000000   Number         0  stubs.o ABSOLUTE
    _printf_return_value                     0x00000000   Number         0  stubs.o ABSOLUTE
    _printf_s                                0x00000000   Number         0  stubs.o ABSOLUTE
    _printf_sizespec                         0x00000000   Number         0  stubs.o ABSOLUTE
    _printf_str                              0x00000000   Number         0  stubs.o ABSOLUTE
    _printf_truncate_signed                  0x00000000   Number         0  stubs.o ABSOLUTE
    _printf_truncate_unsigned                0x00000000   Number         0  stubs.o ABSOLUTE
    _printf_u                                0x00000000   Number         0  stubs.o ABSOLUTE
    _printf_wc                               0x00000000   Number         0  stubs.o ABSOLUTE
    _printf_wctomb                           0x00000000   Number         0  stubs.o ABSOLUTE
    _printf_widthprec                        0x00000000   Number         0  stubs.o ABSOLUTE
    _printf_x                                0x00000000   Number         0  stubs.o ABSOLUTE
    __cpp_initialize__aeabi_                  - Undefined Weak Reference
    __cxa_finalize                            - Undefined Weak Reference
    __decompress                              - Undefined Weak Reference
    _clock_init                               - Undefined Weak Reference
    _microlib_exit                            - Undefined Weak Reference
    __Vectors_End                            0x000000c0   Data           0  startup_cs32l010.o(RESET)
    __Vectors_Size                           0x000000c0   Number         0  startup_cs32l010.o ABSOLUTE
    __main                                   0x000000c1   Thumb Code     0  entry.o(.ARM.Collect$$$$00000000)
    _main_stk                                0x000000c1   Thumb Code     0  entry2.o(.ARM.Collect$$$$00000001)
    _main_scatterload                        0x000000c5   Thumb Code     0  entry5.o(.ARM.Collect$$$$00000004)
    __main_after_scatterload                 0x000000c9   Thumb Code     0  entry5.o(.ARM.Collect$$$$00000004)
    _main_clock                              0x000000c9   Thumb Code     0  entry7b.o(.ARM.Collect$$$$00000008)
    _main_cpp_init                           0x000000c9   Thumb Code     0  entry8b.o(.ARM.Collect$$$$0000000A)
    _main_init                               0x000000c9   Thumb Code     0  entry9a.o(.ARM.Collect$$$$0000000B)
    __rt_final_cpp                           0x000000d1   Thumb Code     0  entry10a.o(.ARM.Collect$$$$0000000D)
    __rt_final_exit                          0x000000d1   Thumb Code     0  entry11a.o(.ARM.Collect$$$$0000000F)
    Reset_Handler                            0x000000d5   Thumb Code     8  startup_cs32l010.o(.text)
    __aeabi_uidiv                            0x000000f1   Thumb Code     0  uidiv.o(.text)
    __aeabi_uidivmod                         0x000000f1   Thumb Code    44  uidiv.o(.text)
    __aeabi_memcpy                           0x0000011d   Thumb Code    36  memcpya.o(.text)
    __aeabi_memcpy4                          0x0000011d   Thumb Code     0  memcpya.o(.text)
    __aeabi_memcpy8                          0x0000011d   Thumb Code     0  memcpya.o(.text)
    __aeabi_memset                           0x00000141   Thumb Code    14  memseta.o(.text)
    __aeabi_memset4                          0x00000141   Thumb Code     0  memseta.o(.text)
    __aeabi_memset8                          0x00000141   Thumb Code     0  memseta.o(.text)
    __aeabi_memclr                           0x0000014f   Thumb Code     4  memseta.o(.text)
    __aeabi_memclr4                          0x0000014f   Thumb Code     0  memseta.o(.text)
    __aeabi_memclr8                          0x0000014f   Thumb Code     0  memseta.o(.text)
    _memset$wrapper                          0x00000153   Thumb Code    18  memseta.o(.text)
    __scatterload                            0x00000165   Thumb Code    28  init.o(.text)
    __scatterload_rt2                        0x00000165   Thumb Code     0  init.o(.text)
    ADC_IRQHandler                           0x00000189   Thumb Code     2  cs32l010_it.o(i.ADC_IRQHandler)
    AWK_IRQHandler                           0x0000018b   Thumb Code     2  cs32l010_it.o(i.AWK_IRQHandler)
    CLKTRIM_IRQHandler                       0x0000018d   Thumb Code     2  cs32l010_it.o(i.CLKTRIM_IRQHandler)
    Error_Handler                            0x0000018f   Thumb Code     4  main.o(i.Error_Handler)
    FLASH_IRQHandler                         0x00000193   Thumb Code     2  cs32l010_it.o(i.FLASH_IRQHandler)
    GPIOA_IRQHandler                         0x00000195   Thumb Code     2  cs32l010_it.o(i.GPIOA_IRQHandler)
    GPIOB_IRQHandler                         0x00000197   Thumb Code     2  cs32l010_it.o(i.GPIOB_IRQHandler)
    GPIOC_IRQHandler                         0x00000199   Thumb Code     2  cs32l010_it.o(i.GPIOC_IRQHandler)
    GPIOD_IRQHandler                         0x0000019b   Thumb Code     2  cs32l010_it.o(i.GPIOD_IRQHandler)
    HAL_Delay                                0x0000019d   Thumb Code    38  cs32l010_hal.o(i.HAL_Delay)
    HAL_GPIO_DeInit                          0x000001c9   Thumb Code   130  cs32l010_hal_gpio.o(i.HAL_GPIO_DeInit)
    HAL_GPIO_Init                            0x0000024b   Thumb Code   636  cs32l010_hal_gpio.o(i.HAL_GPIO_Init)
    HAL_GPIO_WritePin                        0x000004c7   Thumb Code    12  cs32l010_hal_gpio.o(i.HAL_GPIO_WritePin)
    HAL_GetTick                              0x000004d5   Thumb Code     6  cs32l010_hal.o(i.HAL_GetTick)
    HAL_I2C_ACK_Config                       0x000004e1   Thumb Code    32  cs32l010_hal_i2c.o(i.HAL_I2C_ACK_Config)
    HAL_I2C_Check_Flag                       0x00000501   Thumb Code    30  cs32l010_hal_i2c.o(i.HAL_I2C_Check_Flag)
    HAL_I2C_Clear_Interrupt_Flag             0x0000051f   Thumb Code    14  cs32l010_hal_i2c.o(i.HAL_I2C_Clear_Interrupt_Flag)
    HAL_I2C_Get_Interrupt_Flag               0x0000052d   Thumb Code    14  cs32l010_hal_i2c.o(i.HAL_I2C_Get_Interrupt_Flag)
    HAL_I2C_IRQHandler                       0x0000053b   Thumb Code    26  cs32l010_hal_i2c.o(i.HAL_I2C_IRQHandler)
    HAL_I2C_Init                             0x00000555   Thumb Code   242  cs32l010_hal_i2c.o(i.HAL_I2C_Init)
    HAL_I2C_MasterCallback                   0x00000647   Thumb Code     2  cs32l010_hal_i2c.o(i.HAL_I2C_MasterCallback)
    HAL_I2C_MspInit                          0x00000649   Thumb Code     2  cs32l010_hal_i2c.o(i.HAL_I2C_MspInit)
    HAL_I2C_SlaveCallback                    0x0000064d   Thumb Code   160  dfrobot_i2c_slave.o(i.HAL_I2C_SlaveCallback)
    HAL_I2C_Wait_Flag                        0x000006fd   Thumb Code    58  cs32l010_hal_i2c.o(i.HAL_I2C_Wait_Flag)
    HAL_IncTick                              0x00000739   Thumb Code    16  cs32l010_hal.o(i.HAL_IncTick)
    HAL_Init                                 0x00000751   Thumb Code    16  cs32l010_hal.o(i.HAL_Init)
    HAL_InitTick                             0x00000761   Thumb Code    70  cs32l010_hal.o(i.HAL_InitTick)
    HAL_MspInit                              0x000007b5   Thumb Code     2  cs32l010_hal_msp.o(i.HAL_MspInit)
    HAL_NVIC_DisableIRQ                      0x000007b9   Thumb Code    18  cs32l010_hal_cortex.o(i.HAL_NVIC_DisableIRQ)
    HAL_NVIC_EnableIRQ                       0x000007d1   Thumb Code    18  cs32l010_hal_cortex.o(i.HAL_NVIC_EnableIRQ)
    HAL_NVIC_SetPriority                     0x000007e9   Thumb Code    16  cs32l010_hal_cortex.o(i.HAL_NVIC_SetPriority)
    HAL_RCC_ClockConfig                      0x000007f9   Thumb Code   446  cs32l010_hal_rcc.o(i.HAL_RCC_ClockConfig)
    HAL_RCC_GetHCLKFreq                      0x000009d1   Thumb Code     6  cs32l010_hal_rcc.o(i.HAL_RCC_GetHCLKFreq)
    HAL_RCC_GetPCLKFreq                      0x000009dd   Thumb Code    34  cs32l010_hal_rcc.o(i.HAL_RCC_GetPCLKFreq)
    HAL_RCC_GetSysClockFreq                  0x00000a05   Thumb Code   150  cs32l010_hal_rcc.o(i.HAL_RCC_GetSysClockFreq)
    HAL_RCC_OscConfig                        0x00000ab9   Thumb Code  1126  cs32l010_hal_rcc.o(i.HAL_RCC_OscConfig)
    HAL_SYSTICK_Config                       0x00000f29   Thumb Code    46  cs32l010_hal_cortex.o(i.HAL_SYSTICK_Config)
    HAL_UART_DeInit                          0x00000f61   Thumb Code    50  cs32l010_hal_uart.o(i.HAL_UART_DeInit)
    HAL_UART_ErrorCallback                   0x00000f93   Thumb Code     2  cs32l010_hal_uart.o(i.HAL_UART_ErrorCallback)
    HAL_UART_IRQHandler                      0x00000f95   Thumb Code   160  cs32l010_hal_uart.o(i.HAL_UART_IRQHandler)
    HAL_UART_Init                            0x00001035   Thumb Code    62  cs32l010_hal_uart.o(i.HAL_UART_Init)
    HAL_UART_MspDeInit                       0x00001073   Thumb Code     2  cs32l010_hal_uart.o(i.HAL_UART_MspDeInit)
    HAL_UART_MspInit                         0x00001075   Thumb Code    70  main.o(i.HAL_UART_MspInit)
    HAL_UART_Receive_IT                      0x000010c1   Thumb Code    92  cs32l010_hal_uart.o(i.HAL_UART_Receive_IT)
    HAL_UART_RxCpltCallback                  0x0000111d   Thumb Code    16  main.o(i.HAL_UART_RxCpltCallback)
    HAL_UART_Transmit                        0x00001135   Thumb Code   286  cs32l010_hal_uart.o(i.HAL_UART_Transmit)
    HAL_UART_Transmit_IT                     0x00001259   Thumb Code   196  cs32l010_hal_uart.o(i.HAL_UART_Transmit_IT)
    HAL_UART_TxCpltCallback                  0x00001321   Thumb Code     2  cs32l010_hal_uart.o(i.HAL_UART_TxCpltCallback)
    HAL_WWDG_INT_Callback                    0x00001325   Thumb Code     8  main.o(i.HAL_WWDG_INT_Callback)
    HAL_WWDG_INT_Handler                     0x00001331   Thumb Code    38  cs32l010_hal_wwdg.o(i.HAL_WWDG_INT_Handler)
    HAL_WWDG_Init                            0x0000135d   Thumb Code    44  cs32l010_hal_wwdg.o(i.HAL_WWDG_Init)
    HAL_WWDG_Refresh                         0x00001389   Thumb Code    12  cs32l010_hal_wwdg.o(i.HAL_WWDG_Refresh)
    HardFault_Handler                        0x00001395   Thumb Code     4  cs32l010_it.o(i.HardFault_Handler)
    I2C_IRQHandler                           0x00001399   Thumb Code    10  cs32l010_it.o(i.I2C_IRQHandler)
    IWDG_IRQHandler                          0x000013a9   Thumb Code     2  cs32l010_it.o(i.IWDG_IRQHandler)
    LPTIM_IRQHandler                         0x000013ab   Thumb Code     2  cs32l010_it.o(i.LPTIM_IRQHandler)
    LPUART_IRQHandler                        0x000013ad   Thumb Code     2  cs32l010_it.o(i.LPUART_IRQHandler)
    LVD_IRQHandler                           0x000013af   Thumb Code     2  cs32l010_it.o(i.LVD_IRQHandler)
    NMI_Handler                              0x00001403   Thumb Code     2  cs32l010_it.o(i.NMI_Handler)
    OWIRE_IRQHandler                         0x0000147d   Thumb Code     2  cs32l010_it.o(i.OWIRE_IRQHandler)
    PCA_IRQHandler                           0x0000147f   Thumb Code     2  cs32l010_it.o(i.PCA_IRQHandler)
    PendSV_Handler                           0x00001481   Thumb Code     2  cs32l010_it.o(i.PendSV_Handler)
    RCC_DelayF                               0x000014b1   Thumb Code    24  main.o(i.RCC_DelayF)
    RTC_IRQHandler                           0x000014c9   Thumb Code     2  cs32l010_it.o(i.RTC_IRQHandler)
    SPI_IRQHandler                           0x000014cb   Thumb Code     2  cs32l010_it.o(i.SPI_IRQHandler)
    SVC_Handler                              0x000014cd   Thumb Code     2  cs32l010_it.o(i.SVC_Handler)
    SysTick_Handler                          0x00001585   Thumb Code     8  cs32l010_it.o(i.SysTick_Handler)
    SystemClock_Config                       0x0000158d   Thumb Code    80  main.o(i.SystemClock_Config)
    SystemInit                               0x000015e1   Thumb Code    48  system_cs32l010.o(i.SystemInit)
    TIM10_IRQHandler                         0x00001621   Thumb Code     2  cs32l010_it.o(i.TIM10_IRQHandler)
    TIM11_IRQHandler                         0x00001623   Thumb Code     2  cs32l010_it.o(i.TIM11_IRQHandler)
    TIM1_IRQHandler                          0x00001625   Thumb Code     2  cs32l010_it.o(i.TIM1_IRQHandler)
    TIM2_IRQHandler                          0x00001627   Thumb Code     2  cs32l010_it.o(i.TIM2_IRQHandler)
    UART0_IRQHandler                         0x00001629   Thumb Code    10  cs32l010_it.o(i.UART0_IRQHandler)
    UART1_IRQHandler                         0x00001639   Thumb Code     2  cs32l010_it.o(i.UART1_IRQHandler)
    UART_Receive_IT                          0x0000163d   Thumb Code   246  cs32l010_hal_uart.o(i.UART_Receive_IT)
    UART_Transmit_IT                         0x00001781   Thumb Code   170  cs32l010_hal_uart.o(i.UART_Transmit_IT)
    UartInit                                 0x00001893   Thumb Code    12  log.o(i.UartInit)
    VC_IRQHandler                            0x0000189f   Thumb Code     2  cs32l010_it.o(i.VC_IRQHandler)
    WWDG_IRQHandler                          0x000018a1   Thumb Code     8  cs32l010_it.o(i.WWDG_IRQHandler)
    WWdg_Init                                0x000018a9   Thumb Code    92  main.o(i.WWdg_Init)
    __0printf$2                              0x00001959   Thumb Code    24  printf2.o(i.__0printf$2)
    __1printf$2                              0x00001959   Thumb Code     0  printf2.o(i.__0printf$2)
    __2printf                                0x00001959   Thumb Code     0  printf2.o(i.__0printf$2)
    __scatterload_copy                       0x00001979   Thumb Code    14  handlers.o(i.__scatterload_copy)
    __scatterload_null                       0x00001987   Thumb Code     2  handlers.o(i.__scatterload_null)
    __scatterload_zeroinit                   0x00001989   Thumb Code    14  handlers.o(i.__scatterload_zeroinit)
    copyData                                 0x00001a69   Thumb Code    32  main.o(i.copyData)
    fputc                                    0x00001a8d   Thumb Code    16  log.o(i.fputc)
    gpio_init                                0x00001a9d   Thumb Code    34  main.o(i.gpio_init)
    i2cIRQConfig                             0x00001ac9   Thumb Code    18  dfrobot_i2c_slave.o(i.i2cIRQConfig)
    i2cInitSlave                             0x00001add   Thumb Code   132  dfrobot_i2c_slave.o(i.i2cInitSlave)
    main                                     0x00001b6d   Thumb Code   474  main.o(i.main)
    Region$$Table$$Base                      0x00001e74   Number         0  anon$$obj.o(Region$$Table)
    Region$$Table$$Limit                     0x00001e94   Number         0  anon$$obj.o(Region$$Table)
    RTU_UART_Data                            0x20000000   Data           4  main.o(.data)
    count_Us                                 0x20000008   Data           8  main.o(.data)
    receData                                 0x20000010   Data           1  main.o(.data)
    RecIndexLen                              0x20000011   Data           1  main.o(.data)
    wwdg_int                                 0x20000012   Data           1  main.o(.data)
    receive_size                             0x20000013   Data           1  dfrobot_i2c_slave.o(.data)
    transmit_size                            0x20000014   Data           1  dfrobot_i2c_slave.o(.data)
    i2c_RX_receive_data                      0x20000015   Data           1  dfrobot_i2c_slave.o(.data)
    i2c_TX_Send_data                         0x20000016   Data           1  dfrobot_i2c_slave.o(.data)
    uwTick                                   0x20000018   Data           4  cs32l010_hal.o(.data)
    uwTickPrio                               0x2000001c   Data           4  cs32l010_hal.o(.data)
    uwTickFreq                               0x20000020   Data           1  cs32l010_hal.o(.data)
    SystemCoreClock                          0x20000024   Data           4  system_cs32l010.o(.data)
    __stdout                                 0x20000028   Data           4  stdout.o(.data)
    DMXData                                  0x2000002c   Data         513  main.o(.bss)
    sUartxHandle                             0x20000230   Data          52  main.o(.bss)
    GPIO_InitStruct1                         0x20000264   Data          52  main.o(.bss)
    wwdg_test                                0x20000298   Data          20  main.o(.bss)
    huart1                                   0x200002ac   Data          52  log.o(.bss)
    i2cSlave                                 0x200002e0   Data          36  dfrobot_i2c_slave.o(.bss)
    pData                                    0x20000304   Data          48  dfrobot_i2c_slave.o(.bss)
    __initial_sp                             0x20000538   Data           0  startup_cs32l010.o(STACK)



==============================================================================

Memory Map of the image

  Image Entry point : 0x000000c1

  Load Region LR_IROM1 (Base: 0x00000000, Size: 0x00001ec0, Max: 0x00010000, ABSOLUTE)

    Execution Region ER_IROM1 (Base: 0x00000000, Size: 0x00001e94, Max: 0x00010000, ABSOLUTE)

    Base Addr    Size         Type   Attr      Idx    E Section Name        Object

    0x00000000   0x000000c0   Data   RO         3578    RESET               startup_cs32l010.o
    0x000000c0   0x00000000   Code   RO         3615  * .ARM.Collect$$$$00000000  mc_p.l(entry.o)
    0x000000c0   0x00000004   Code   RO         3889    .ARM.Collect$$$$00000001  mc_p.l(entry2.o)
    0x000000c4   0x00000004   Code   RO         3892    .ARM.Collect$$$$00000004  mc_p.l(entry5.o)
    0x000000c8   0x00000000   Code   RO         3894    .ARM.Collect$$$$00000008  mc_p.l(entry7b.o)
    0x000000c8   0x00000000   Code   RO         3896    .ARM.Collect$$$$0000000A  mc_p.l(entry8b.o)
    0x000000c8   0x00000008   Code   RO         3897    .ARM.Collect$$$$0000000B  mc_p.l(entry9a.o)
    0x000000d0   0x00000000   Code   RO         3899    .ARM.Collect$$$$0000000D  mc_p.l(entry10a.o)
    0x000000d0   0x00000000   Code   RO         3901    .ARM.Collect$$$$0000000F  mc_p.l(entry11a.o)
    0x000000d0   0x00000004   Code   RO         3890    .ARM.Collect$$$$00002712  mc_p.l(entry2.o)
    0x000000d4   0x0000001c   Code   RO         3579    .text               startup_cs32l010.o
    0x000000f0   0x0000002c   Code   RO         3618    .text               mc_p.l(uidiv.o)
    0x0000011c   0x00000024   Code   RO         3622    .text               mc_p.l(memcpya.o)
    0x00000140   0x00000024   Code   RO         3624    .text               mc_p.l(memseta.o)
    0x00000164   0x00000024   Code   RO         3917    .text               mc_p.l(init.o)
    0x00000188   0x00000002   Code   RO          230    i.ADC_IRQHandler    cs32l010_it.o
    0x0000018a   0x00000002   Code   RO          231    i.AWK_IRQHandler    cs32l010_it.o
    0x0000018c   0x00000002   Code   RO          232    i.CLKTRIM_IRQHandler  cs32l010_it.o
    0x0000018e   0x00000004   Code   RO            3    i.Error_Handler     main.o
    0x00000192   0x00000002   Code   RO          233    i.FLASH_IRQHandler  cs32l010_it.o
    0x00000194   0x00000002   Code   RO          234    i.GPIOA_IRQHandler  cs32l010_it.o
    0x00000196   0x00000002   Code   RO          235    i.GPIOB_IRQHandler  cs32l010_it.o
    0x00000198   0x00000002   Code   RO          236    i.GPIOC_IRQHandler  cs32l010_it.o
    0x0000019a   0x00000002   Code   RO          237    i.GPIOD_IRQHandler  cs32l010_it.o
    0x0000019c   0x0000002c   Code   RO          532    i.HAL_Delay         cs32l010_hal.o
    0x000001c8   0x00000082   Code   RO         1374    i.HAL_GPIO_DeInit   cs32l010_hal_gpio.o
    0x0000024a   0x0000027c   Code   RO         1377    i.HAL_GPIO_Init     cs32l010_hal_gpio.o
    0x000004c6   0x0000000c   Code   RO         1380    i.HAL_GPIO_WritePin  cs32l010_hal_gpio.o
    0x000004d2   0x00000002   PAD
    0x000004d4   0x0000000c   Code   RO          536    i.HAL_GetTick       cs32l010_hal.o
    0x000004e0   0x00000020   Code   RO         1430    i.HAL_I2C_ACK_Config  cs32l010_hal_i2c.o
    0x00000500   0x0000001e   Code   RO         1431    i.HAL_I2C_Check_Flag  cs32l010_hal_i2c.o
    0x0000051e   0x0000000e   Code   RO         1432    i.HAL_I2C_Clear_Interrupt_Flag  cs32l010_hal_i2c.o
    0x0000052c   0x0000000e   Code   RO         1434    i.HAL_I2C_Get_Interrupt_Flag  cs32l010_hal_i2c.o
    0x0000053a   0x0000001a   Code   RO         1435    i.HAL_I2C_IRQHandler  cs32l010_hal_i2c.o
    0x00000554   0x000000f2   Code   RO         1436    i.HAL_I2C_Init      cs32l010_hal_i2c.o
    0x00000646   0x00000002   Code   RO         1437    i.HAL_I2C_MasterCallback  cs32l010_hal_i2c.o
    0x00000648   0x00000002   Code   RO         1442    i.HAL_I2C_MspInit   cs32l010_hal_i2c.o
    0x0000064a   0x00000002   PAD
    0x0000064c   0x000000b0   Code   RO          487    i.HAL_I2C_SlaveCallback  dfrobot_i2c_slave.o
    0x000006fc   0x0000003a   Code   RO         1451    i.HAL_I2C_Wait_Flag  cs32l010_hal_i2c.o
    0x00000736   0x00000002   PAD
    0x00000738   0x00000018   Code   RO          540    i.HAL_IncTick       cs32l010_hal.o
    0x00000750   0x00000010   Code   RO          541    i.HAL_Init          cs32l010_hal.o
    0x00000760   0x00000054   Code   RO          542    i.HAL_InitTick      cs32l010_hal.o
    0x000007b4   0x00000002   Code   RO          207    i.HAL_MspInit       cs32l010_hal_msp.o
    0x000007b6   0x00000002   PAD
    0x000007b8   0x00000018   Code   RO         1134    i.HAL_NVIC_DisableIRQ  cs32l010_hal_cortex.o
    0x000007d0   0x00000018   Code   RO         1135    i.HAL_NVIC_EnableIRQ  cs32l010_hal_cortex.o
    0x000007e8   0x00000010   Code   RO         1139    i.HAL_NVIC_SetPriority  cs32l010_hal_cortex.o
    0x000007f8   0x000001d8   Code   RO         2384    i.HAL_RCC_ClockConfig  cs32l010_hal_rcc.o
    0x000009d0   0x0000000c   Code   RO         2387    i.HAL_RCC_GetHCLKFreq  cs32l010_hal_rcc.o
    0x000009dc   0x00000028   Code   RO         2389    i.HAL_RCC_GetPCLKFreq  cs32l010_hal_rcc.o
    0x00000a04   0x000000b4   Code   RO         2390    i.HAL_RCC_GetSysClockFreq  cs32l010_hal_rcc.o
    0x00000ab8   0x00000470   Code   RO         2392    i.HAL_RCC_OscConfig  cs32l010_hal_rcc.o
    0x00000f28   0x00000038   Code   RO         1143    i.HAL_SYSTICK_Config  cs32l010_hal_cortex.o
    0x00000f60   0x00000032   Code   RO         3302    i.HAL_UART_DeInit   cs32l010_hal_uart.o
    0x00000f92   0x00000002   Code   RO         3303    i.HAL_UART_ErrorCallback  cs32l010_hal_uart.o
    0x00000f94   0x000000a0   Code   RO         3306    i.HAL_UART_IRQHandler  cs32l010_hal_uart.o
    0x00001034   0x0000003e   Code   RO         3307    i.HAL_UART_Init     cs32l010_hal_uart.o
    0x00001072   0x00000002   Code   RO         3308    i.HAL_UART_MspDeInit  cs32l010_hal_uart.o
    0x00001074   0x0000004c   Code   RO            4    i.HAL_UART_MspInit  main.o
    0x000010c0   0x0000005c   Code   RO         3311    i.HAL_UART_Receive_IT  cs32l010_hal_uart.o
    0x0000111c   0x00000018   Code   RO            5    i.HAL_UART_RxCpltCallback  main.o
    0x00001134   0x00000124   Code   RO         3313    i.HAL_UART_Transmit  cs32l010_hal_uart.o
    0x00001258   0x000000c8   Code   RO         3314    i.HAL_UART_Transmit_IT  cs32l010_hal_uart.o
    0x00001320   0x00000002   Code   RO         3315    i.HAL_UART_TxCpltCallback  cs32l010_hal_uart.o
    0x00001322   0x00000002   PAD
    0x00001324   0x0000000c   Code   RO            6    i.HAL_WWDG_INT_Callback  main.o
    0x00001330   0x0000002c   Code   RO         3536    i.HAL_WWDG_INT_Handler  cs32l010_hal_wwdg.o
    0x0000135c   0x0000002c   Code   RO         3537    i.HAL_WWDG_Init     cs32l010_hal_wwdg.o
    0x00001388   0x0000000c   Code   RO         3538    i.HAL_WWDG_Refresh  cs32l010_hal_wwdg.o
    0x00001394   0x00000004   Code   RO          238    i.HardFault_Handler  cs32l010_it.o
    0x00001398   0x00000010   Code   RO          239    i.I2C_IRQHandler    cs32l010_it.o
    0x000013a8   0x00000002   Code   RO          240    i.IWDG_IRQHandler   cs32l010_it.o
    0x000013aa   0x00000002   Code   RO          241    i.LPTIM_IRQHandler  cs32l010_it.o
    0x000013ac   0x00000002   Code   RO          242    i.LPUART_IRQHandler  cs32l010_it.o
    0x000013ae   0x00000002   Code   RO          243    i.LVD_IRQHandler    cs32l010_it.o
    0x000013b0   0x00000052   Code   RO          428    i.Log_UART_SetConfig  log.o
    0x00001402   0x00000002   Code   RO          244    i.NMI_Handler       cs32l010_it.o
    0x00001404   0x00000078   Code   RO         1145    i.NVIC_SetPriority  cs32l010_hal_cortex.o
    0x0000147c   0x00000002   Code   RO          245    i.OWIRE_IRQHandler  cs32l010_it.o
    0x0000147e   0x00000002   Code   RO          246    i.PCA_IRQHandler    cs32l010_it.o
    0x00001480   0x00000002   Code   RO          247    i.PendSV_Handler    cs32l010_it.o
    0x00001482   0x00000002   PAD
    0x00001484   0x0000002c   Code   RO         2393    i.RCC_Delay         cs32l010_hal_rcc.o
    0x000014b0   0x00000018   Code   RO            7    i.RCC_DelayF        main.o
    0x000014c8   0x00000002   Code   RO          248    i.RTC_IRQHandler    cs32l010_it.o
    0x000014ca   0x00000002   Code   RO          249    i.SPI_IRQHandler    cs32l010_it.o
    0x000014cc   0x00000002   Code   RO          250    i.SVC_Handler       cs32l010_it.o
    0x000014ce   0x00000002   PAD
    0x000014d0   0x0000009c   Code   RO          429    i.SerialInit        log.o
    0x0000156c   0x00000018   Code   RO          430    i.SerialSend        log.o
    0x00001584   0x00000008   Code   RO          251    i.SysTick_Handler   cs32l010_it.o
    0x0000158c   0x00000054   Code   RO            8    i.SystemClock_Config  main.o
    0x000015e0   0x00000040   Code   RO         3586    i.SystemInit        system_cs32l010.o
    0x00001620   0x00000002   Code   RO          252    i.TIM10_IRQHandler  cs32l010_it.o
    0x00001622   0x00000002   Code   RO          253    i.TIM11_IRQHandler  cs32l010_it.o
    0x00001624   0x00000002   Code   RO          254    i.TIM1_IRQHandler   cs32l010_it.o
    0x00001626   0x00000002   Code   RO          255    i.TIM2_IRQHandler   cs32l010_it.o
    0x00001628   0x00000010   Code   RO          256    i.UART0_IRQHandler  cs32l010_it.o
    0x00001638   0x00000002   Code   RO          257    i.UART1_IRQHandler  cs32l010_it.o
    0x0000163a   0x00000002   PAD
    0x0000163c   0x000000fc   Code   RO         3316    i.UART_Receive_IT   cs32l010_hal_uart.o
    0x00001738   0x00000046   Code   RO         3317    i.UART_SetConfig    cs32l010_hal_uart.o
    0x0000177e   0x00000002   PAD
    0x00001780   0x000000b0   Code   RO         3319    i.UART_Transmit_IT  cs32l010_hal_uart.o
    0x00001830   0x00000062   Code   RO         3320    i.UART_WaitOnFlagUntilTimeout  cs32l010_hal_uart.o
    0x00001892   0x0000000c   Code   RO          431    i.UartInit          log.o
    0x0000189e   0x00000002   Code   RO          258    i.VC_IRQHandler     cs32l010_it.o
    0x000018a0   0x00000008   Code   RO          259    i.WWDG_IRQHandler   cs32l010_it.o
    0x000018a8   0x000000b0   Code   RO            9    i.WWdg_Init         main.o
    0x00001958   0x00000020   Code   RO         3695    i.__0printf$2       mc_p.l(printf2.o)
    0x00001978   0x0000000e   Code   RO         3929    i.__scatterload_copy  mc_p.l(handlers.o)
    0x00001986   0x00000002   Code   RO         3930    i.__scatterload_null  mc_p.l(handlers.o)
    0x00001988   0x0000000e   Code   RO         3931    i.__scatterload_zeroinit  mc_p.l(handlers.o)
    0x00001996   0x000000d2   Code   RO         3702    i._printf_core      mc_p.l(printf2.o)
    0x00001a68   0x00000024   Code   RO           10    i.copyData          main.o
    0x00001a8c   0x00000010   Code   RO          432    i.fputc             log.o
    0x00001a9c   0x0000002c   Code   RO           11    i.gpio_init         main.o
    0x00001ac8   0x00000012   Code   RO          488    i.i2cIRQConfig      dfrobot_i2c_slave.o
    0x00001ada   0x00000002   PAD
    0x00001adc   0x00000090   Code   RO          489    i.i2cInitSlave      dfrobot_i2c_slave.o
    0x00001b6c   0x00000208   Code   RO           12    i.main              main.o
    0x00001d74   0x00000100   Data   RO         3321    .constdata          cs32l010_hal_uart.o
    0x00001e74   0x00000020   Data   RO         3927    Region$$Table       anon$$obj.o


    Execution Region RW_IRAM1 (Base: 0x20000000, Size: 0x00000538, Max: 0x00001000, ABSOLUTE)

    Base Addr    Size         Type   Attr      Idx    E Section Name        Object

    0x20000000   0x00000013   Data   RW           14    .data               main.o
    0x20000013   0x00000004   Data   RW          491    .data               dfrobot_i2c_slave.o
    0x20000017   0x00000001   PAD
    0x20000018   0x00000009   Data   RW          548    .data               cs32l010_hal.o
    0x20000021   0x00000003   PAD
    0x20000024   0x00000004   Data   RW         3587    .data               system_cs32l010.o
    0x20000028   0x00000004   Data   RW         3903    .data               mc_p.l(stdout.o)
    0x2000002c   0x00000280   Zero   RW           13    .bss                main.o
    0x200002ac   0x00000034   Zero   RW          435    .bss                log.o
    0x200002e0   0x00000054   Zero   RW          490    .bss                dfrobot_i2c_slave.o
    0x20000334   0x00000004   PAD
    0x20000338   0x00000200   Zero   RW         3576    STACK               startup_cs32l010.o


==============================================================================

Image component sizes


      Code (inc. data)   RO Data    RW Data    ZI Data      Debug   Object Name

       180         34          0          9          0       6241   cs32l010_hal.o
       240         32          0          0          0       8643   cs32l010_hal_cortex.o
       778          0          0          0          0       2466   cs32l010_hal_gpio.o
       420          0          0          0          0       5293   cs32l010_hal_i2c.o
         2          0          0          0          0        366   cs32l010_hal_msp.o
      1884        108          0          0          0       4564   cs32l010_hal_rcc.o
      1458         22        256          0          0       8673   cs32l010_hal_uart.o
       100          6          0          0          0       1774   cs32l010_hal_wwdg.o
       102         12          0          0          0      11084   cs32l010_it.o
       338         28          0          4         84       8099   dfrobot_i2c_slave.o
       290         18          0          0         52       2576   log.o
      1000        166          0         19        640     145208   main.o
        28          8        192          0        512        592   startup_cs32l010.o
        64         16          0          4          0        639   system_cs32l010.o

    ----------------------------------------------------------------------
      6904        450        480         40       1292     206218   Object Totals
         0          0         32          0          0          0   (incl. Generated)
        20          0          0          4          4          0   (incl. Padding)

    ----------------------------------------------------------------------

      Code (inc. data)   RO Data    RW Data    ZI Data      Debug   Library Member Name

         0          0          0          0          0          0   entry.o
         0          0          0          0          0          0   entry10a.o
         0          0          0          0          0          0   entry11a.o
         8          4          0          0          0          0   entry2.o
         4          0          0          0          0          0   entry5.o
         0          0          0          0          0          0   entry7b.o
         0          0          0          0          0          0   entry8b.o
         8          4          0          0          0          0   entry9a.o
        30          0          0          0          0          0   handlers.o
        36          8          0          0          0         68   init.o
        36          0          0          0          0         60   memcpya.o
        36          0          0          0          0        100   memseta.o
       242          8          0          0          0        168   printf2.o
         0          0          0          4          0          0   stdout.o
        44          0          0          0          0         72   uidiv.o

    ----------------------------------------------------------------------
       444         24          0          4          0        468   Library Totals
         0          0          0          0          0          0   (incl. Padding)

    ----------------------------------------------------------------------

      Code (inc. data)   RO Data    RW Data    ZI Data      Debug   Library Name

       444         24          0          4          0        468   mc_p.l

    ----------------------------------------------------------------------
       444         24          0          4          0        468   Library Totals

    ----------------------------------------------------------------------

==============================================================================


      Code (inc. data)   RO Data    RW Data    ZI Data      Debug   

      7348        474        480         44       1292     202746   Grand Totals
      7348        474        480         44       1292     202746   ELF Image Totals
      7348        474        480         44          0          0   ROM Totals

==============================================================================

    Total RO  Size (Code + RO Data)                 7828 (   7.64kB)
    Total RW  Size (RW Data + ZI Data)              1336 (   1.30kB)
    Total ROM Size (Code + RO Data + RW Data)       7872 (   7.69kB)

==============================================================================

